ARM Linker, 4.1 [Build 567] [Standard]

==============================================================================

Section Cross References

    main.o(i.App_TaskCreate) refers to uctsk_ssnp_tbc.o(i.App_SSNPTaskCreate) for App_SSNPTaskCreate
    main.o(i.App_TaskStart) refers to os_cpu_c.o(i.OS_CPU_SysTickInit) for OS_CPU_SysTickInit
    main.o(i.App_TaskStart) refers to os_core.o(i.OSStatInit) for OSStatInit
    main.o(i.App_TaskStart) refers to main.o(i.App_TaskCreate) for App_TaskCreate
    main.o(i.App_TaskStart) refers to os_time.o(i.OSTimeDlyHMSM) for OSTimeDlyHMSM
    main.o(i.main) refers to cpu_a.o(.text) for CPU_IntDis
    main.o(i.main) refers to os_core.o(i.OSInit) for OSInit
    main.o(i.main) refers to os_task.o(i.OSTaskCreateExt) for OSTaskCreateExt
    main.o(i.main) refers to os_task.o(i.OSTaskNameSet) for OSTaskNameSet
    main.o(i.main) refers to os_core.o(i.OSStart) for OSStart
    main.o(i.main) refers to main.o(.bss) for App_TaskStartStk
    main.o(i.main) refers to main.o(i.App_TaskStart) for App_TaskStart
    stm32f10x_it.o(i.SysTick_Handler) refers to os_cpu_a.o(.text) for OS_CPU_SR_Save
    stm32f10x_it.o(i.SysTick_Handler) refers to os_core.o(i.OSTimeTick) for OSTimeTick
    stm32f10x_it.o(i.SysTick_Handler) refers to os_core.o(i.OSIntExit) for OSIntExit
    stm32f10x_it.o(i.SysTick_Handler) refers to os_core.o(.data) for OSIntNesting
    uctsk_ssnp_tbc.o(i.App_SSNPTaskCreate) refers to os_task.o(i.OSTaskCreate) for OSTaskCreate
    uctsk_ssnp_tbc.o(i.App_SSNPTaskCreate) refers to uctsk_ssnp_tbc.o(.bss) for AppSSNPTaskStk
    uctsk_ssnp_tbc.o(i.App_SSNPTaskCreate) refers to uctsk_ssnp_tbc.o(i.uctsk_SSNP_TBC_new) for uctsk_SSNP_TBC_new
    uctsk_ssnp_tbc.o(i.Delay) refers to os_time.o(i.OSTimeDly) for OSTimeDly
    uctsk_ssnp_tbc.o(i.NVIC_Configuration_TIM5) refers to misc.o(i.NVIC_PriorityGroupConfig) for NVIC_PriorityGroupConfig
    uctsk_ssnp_tbc.o(i.NVIC_Configuration_TIM5) refers to misc.o(i.NVIC_Init) for NVIC_Init
    uctsk_ssnp_tbc.o(i.TIM5_IRQHandler) refers to stm32f10x_tim.o(i.TIM_GetITStatus) for TIM_GetITStatus
    uctsk_ssnp_tbc.o(i.TIM5_IRQHandler) refers to stm32f10x_tim.o(i.TIM_ClearITPendingBit) for TIM_ClearITPendingBit
    uctsk_ssnp_tbc.o(i.TIM5_Init) refers to stm32f10x_rcc.o(i.RCC_APB1PeriphClockCmd) for RCC_APB1PeriphClockCmd
    uctsk_ssnp_tbc.o(i.TIM5_Init) refers to stm32f10x_tim.o(i.TIM_TimeBaseInit) for TIM_TimeBaseInit
    uctsk_ssnp_tbc.o(i.TIM5_Init) refers to stm32f10x_tim.o(i.TIM_ITConfig) for TIM_ITConfig
    uctsk_ssnp_tbc.o(i.TIM5_Init) refers to stm32f10x_tim.o(i.TIM_Cmd) for TIM_Cmd
    uctsk_ssnp_tbc.o(i.TIM5_Init_Slot) refers to stm32f10x_rcc.o(i.RCC_APB1PeriphClockCmd) for RCC_APB1PeriphClockCmd
    uctsk_ssnp_tbc.o(i.TIM5_Init_Slot) refers to stm32f10x_tim.o(i.TIM_TimeBaseInit) for TIM_TimeBaseInit
    uctsk_ssnp_tbc.o(i.TIM5_Init_Slot) refers to stm32f10x_tim.o(i.TIM_ITConfig) for TIM_ITConfig
    uctsk_ssnp_tbc.o(i.TIM5_Init_Slot) refers to stm32f10x_tim.o(i.TIM_Cmd) for TIM_Cmd
    uctsk_ssnp_tbc.o(i.TIM5_delay_us) refers to stm32f10x_tim.o(i.TIM_SetCounter) for TIM_SetCounter
    uctsk_ssnp_tbc.o(i.TIM5_delay_us) refers to stm32f10x_tim.o(i.TIM_GetCounter) for TIM_GetCounter
    uctsk_ssnp_tbc.o(i.app_init) refers to sys_arch.o(i.sys_mbox_new) for sys_mbox_new
    uctsk_ssnp_tbc.o(i.app_init) refers to printfa.o(i.__0printf) for __2printf
    uctsk_ssnp_tbc.o(i.app_init) refers to uctsk_ssnp_tbc.o(i.TIM5_Init) for TIM5_Init
    uctsk_ssnp_tbc.o(i.app_init) refers to tbc.o(i.TBC_init) for TBC_init
    uctsk_ssnp_tbc.o(i.app_init) refers to upcomputer.o(i.init_queue) for init_queue
    uctsk_ssnp_tbc.o(i.app_init) refers to uctsk_ssnp_tbc.o(.data) for streaming_data_recv_mbox
    uctsk_ssnp_tbc.o(i.delayMeasure) refers to ethbcp.o(i.set_reflect_reply_unfinished) for set_reflect_reply_unfinished
    uctsk_ssnp_tbc.o(i.delayMeasure) refers to ssnp_for_app.o(i.tbc_send_reflect_msg) for tbc_send_reflect_msg
    uctsk_ssnp_tbc.o(i.delayMeasure) refers to ethbcp.o(i.is_reflect_reply_ok) for is_reflect_reply_ok
    uctsk_ssnp_tbc.o(i.delayMeasure) refers to ssnp_for_app.o(i.tbc_send_reflect_delay_to_tbim) for tbc_send_reflect_delay_to_tbim
    uctsk_ssnp_tbc.o(i.delayMeasure) refers to tbc.o(.bss) for tbc
    uctsk_ssnp_tbc.o(i.delayMeasure) refers to ethbcp.o(.data) for tbimAlias
    uctsk_ssnp_tbc.o(i.fputc) refers to stm32f10x_usart.o(i.USART_SendData) for USART_SendData
    uctsk_ssnp_tbc.o(i.fputc) refers to stm32f10x_usart.o(i.USART_GetFlagStatus) for USART_GetFlagStatus
    uctsk_ssnp_tbc.o(i.send_cmd) refers to tbc.o(i.TBC_send_noArgucmd) for TBC_send_noArgucmd
    uctsk_ssnp_tbc.o(i.send_cmd) refers to printfa.o(i.__0printf) for __2printf
    uctsk_ssnp_tbc.o(i.uctsk_SSNP_TBC_new) refers to ssnp_for_app.o(i.hardware_init) for hardware_init
    uctsk_ssnp_tbc.o(i.uctsk_SSNP_TBC_new) refers to ssnp_for_app.o(i.protocol_init) for protocol_init
[...]
    CAN1_TX_IRQHandler                       0x0800017f   Thumb Code     0  startup_stm32f10x_cl.o(.text)
    CAN2_RX0_IRQHandler                      0x0800017f   Thumb Code     0  startup_stm32f10x_cl.o(.text)
    CAN2_RX1_IRQHandler                      0x0800017f   Thumb Code     0  startup_stm32f10x_cl.o(.text)
    CAN2_SCE_IRQHandler                      0x0800017f   Thumb Code     0  startup_stm32f10x_cl.o(.text)
    CAN2_TX_IRQHandler                       0x0800017f   Thumb Code     0  startup_stm32f10x_cl.o(.text)
    DMA1_Channel1_IRQHandler                 0x0800017f   Thumb Code     0  startup_stm32f10x_cl.o(.text)
    DMA1_Channel2_IRQHandler                 0x0800017f   Thumb Code     0  startup_stm32f10x_cl.o(.text)
    DMA1_Channel3_IRQHandler                 0x0800017f   Thumb Code     0  startup_stm32f10x_cl.o(.text)
    DMA1_Channel4_IRQHandler                 0x0800017f   Thumb Code     0  startup_stm32f10x_cl.o(.text)
    DMA1_Channel5_IRQHandler                 0x0800017f   Thumb Code     0  startup_stm32f10x_cl.o(.text)
    DMA1_Channel6_IRQHandler                 0x0800017f   Thumb Code     0  startup_stm32f10x_cl.o(.text)
    DMA1_Channel7_IRQHandler                 0x0800017f   Thumb Code     0  startup_stm32f10x_cl.o(.text)
    DMA2_Channel1_IRQHandler                 0x0800017f   Thumb Code     0  startup_stm32f10x_cl.o(.text)
    DMA2_Channel2_IRQHandler                 0x0800017f   Thumb Code     0  startup_stm32f10x_cl.o(.text)
    DMA2_Channel3_IRQHandler                 0x0800017f   Thumb Code     0  startup_stm32f10x_cl.o(.text)
    DMA2_Channel4_IRQHandler                 0x0800017f   Thumb Code     0  startup_stm32f10x_cl.o(.text)
    DMA2_Channel5_IRQHandler                 0x0800017f   Thumb Code     0  startup_stm32f10x_cl.o(.text)
    ETH_WKUP_IRQHandler                      0x0800017f   Thumb Code     0  startup_stm32f10x_cl.o(.text)
    EXTI0_IRQHandler                         0x0800017f   Thumb Code     0  startup_stm32f10x_cl.o(.text)
    EXTI15_10_IRQHandler                     0x0800017f   Thumb Code     0  startup_stm32f10x_cl.o(.text)
    EXTI1_IRQHandler                         0x0800017f   Thumb Code     0  startup_stm32f10x_cl.o(.text)
    EXTI2_IRQHandler                         0x0800017f   Thumb Code     0  startup_stm32f10x_cl.o(.text)
    EXTI3_IRQHandler                         0x0800017f   Thumb Code     0  startup_stm32f10x_cl.o(.text)
    EXTI4_IRQHandler                         0x0800017f   Thumb Code     0  startup_stm32f10x_cl.o(.text)
    EXTI9_5_IRQHandler                       0x0800017f   Thumb Code     0  startup_stm32f10x_cl.o(.text)
    FLASH_IRQHandler                         0x0800017f   Thumb Code     0  startup_stm32f10x_cl.o(.text)
    I2C1_ER_IRQHandler                       0x0800017f   Thumb Code     0  startup_stm32f10x_cl.o(.text)
    I2C1_EV_IRQHandler                       0x0800017f   Thumb Code     0  startup_stm32f10x_cl.o(.text)
    I2C2_ER_IRQHandler                       0x0800017f   Thumb Code     0  startup_stm32f10x_cl.o(.text)
    I2C2_EV_IRQHandler                       0x0800017f   Thumb Code     0  startup_stm32f10x_cl.o(.text)
    OTG_FS_IRQHandler                        0x0800017f   Thumb Code     0  startup_stm32f10x_cl.o(.text)
    OTG_FS_WKUP_IRQHandler                   0x0800017f   Thumb Code     0  startup_stm32f10x_cl.o(.text)
    PVD_IRQHandler                           0x0800017f   Thumb Code     0  startup_stm32f10x_cl.o(.text)
    RCC_IRQHandler                           0x0800017f   Thumb Code     0  startup_stm32f10x_cl.o(.text)
    RTCAlarm_IRQHandler                      0x0800017f   Thumb Code     0  startup_stm32f10x_cl.o(.text)
    RTC_IRQHandler                           0x0800017f   Thumb Code     0  startup_stm32f10x_cl.o(.text)
    SPI1_IRQHandler                          0x0800017f   Thumb Code     0  startup_stm32f10x_cl.o(.text)
    SPI2_IRQHandler                          0x0800017f   Thumb Code     0  startup_stm32f10x_cl.o(.text)
    SPI3_IRQHandler                          0x0800017f   Thumb Code     0  startup_stm32f10x_cl.o(.text)
    TAMPER_IRQHandler                        0x0800017f   Thumb Code     0  startup_stm32f10x_cl.o(.text)
    TIM1_BRK_IRQHandler                      0x0800017f   Thumb Code     0  startup_stm32f10x_cl.o(.text)
    TIM1_CC_IRQHandler                       0x0800017f   Thumb Code     0  startup_stm32f10x_cl.o(.text)
    TIM1_TRG_COM_IRQHandler                  0x0800017f   Thumb Code     0  startup_stm32f10x_cl.o(.text)
    TIM1_UP_IRQHandler                       0x0800017f   Thumb Code     0  startup_stm32f10x_cl.o(.text)
    TIM2_IRQHandler                          0x0800017f   Thumb Code     0  startup_stm32f10x_cl.o(.text)
    TIM3_IRQHandler                          0x0800017f   Thumb Code     0  startup_stm32f10x_cl.o(.text)
    TIM4_IRQHandler                          0x0800017f   Thumb Code     0  startup_stm32f10x_cl.o(.text)
    TIM6_IRQHandler                          0x0800017f   Thumb Code     0  startup_stm32f10x_cl.o(.text)
    TIM7_IRQHandler                          0x0800017f   Thumb Code     0  startup_stm32f10x_cl.o(.text)
    UART4_IRQHandler                         0x0800017f   Thumb Code     0  startup_stm32f10x_cl.o(.text)
    UART5_IRQHandler                         0x0800017f   Thumb Code     0  startup_stm32f10x_cl.o(.text)
    USART3_IRQHandler                        0x0800017f   Thumb Code     0  startup_stm32f10x_cl.o(.text)
    WWDG_IRQHandler                          0x0800017f   Thumb Code     0  startup_stm32f10x_cl.o(.text)
    OS_CPU_SR_Save                           0x08000189   Thumb Code     0  os_cpu_a.o(.text)
    OS_CPU_SR_Restore                        0x08000191   Thumb Code     0  os_cpu_a.o(.text)
    OSStartHighRdy                           0x08000197   Thumb Code     0  os_cpu_a.o(.text)
    OSCtxSw                                  0x080001b7   Thumb Code     0  os_cpu_a.o(.text)
    OSIntCtxSw                               0x080001c1   Thumb Code     0  os_cpu_a.o(.text)
    PendSV_Handler                           0x080001cb   Thumb Code     0  os_cpu_a.o(.text)
    CPU_IntDis                               0x0800022d   Thumb Code     0  cpu_a.o(.text)
    CPU_IntEn                                0x08000231   Thumb Code     0  cpu_a.o(.text)
    CPU_SR_Save                              0x08000235   Thumb Code     0  cpu_a.o(.text)
    CPU_SR_Restore                           0x0800023d   Thumb Code     0  cpu_a.o(.text)
    CPU_CntLeadZeros                         0x08000243   Thumb Code     0  cpu_a.o(.text)
    CPU_RevBits                              0x08000249   Thumb Code     0  cpu_a.o(.text)
    CPU_WaitForInt                           0x0800024f   Thumb Code     0  cpu_a.o(.text)
    CPU_WaitForExcept                        0x08000253   Thumb Code     0  cpu_a.o(.text)
    __aeabi_memcpy                           0x08000257   Thumb Code    36  memcpya.o(.text)
    __aeabi_memcpy4                          0x08000257   Thumb Code     0  memcpya.o(.text)
    __aeabi_memcpy8                          0x08000257   Thumb Code     0  memcpya.o(.text)
    __aeabi_memset                           0x0800027b   Thumb Code    14  memseta.o(.text)
    __aeabi_memset4                          0x0800027b   Thumb Code     0  memseta.o(.text)
    __aeabi_memset8                          0x0800027b   Thumb Code     0  memseta.o(.text)
    __aeabi_memclr                           0x08000289   Thumb Code     4  memseta.o(.text)
    __aeabi_memclr4                          0x08000289   Thumb Code     0  memseta.o(.text)
    __aeabi_memclr8                          0x08000289   Thumb Code     0  memseta.o(.text)
    _memset$wrapper                          0x0800028d   Thumb Code    20  memseta.o(.text)
    __aeabi_f2d                              0x080002a1   Thumb Code    44  f2d.o(.text)
    __aeabi_uidiv                            0x080002cd   Thumb Code     0  uidiv.o(.text)
    __aeabi_uidivmod                         0x080002cd   Thumb Code    44  uidiv.o(.text)
    __aeabi_uldivmod                         0x080002f9   Thumb Code   102  uldiv.o(.text)
    __I$use$fp                               0x0800035f   Thumb Code     0  iusefp.o(.text)
    __aeabi_dadd                             0x0800035f   Thumb Code   318  dadd.o(.text)
    __aeabi_dsub                             0x0800049d   Thumb Code     6  dadd.o(.text)
    __aeabi_drsub                            0x080004a3   Thumb Code     6  dadd.o(.text)
    __aeabi_dmul                             0x080004a9   Thumb Code   226  dmul.o(.text)
    __aeabi_ddiv                             0x0800058b   Thumb Code   222  ddiv.o(.text)
    __aeabi_d2ulz                            0x08000669   Thumb Code    48  dfixul.o(.text)
    __aeabi_cdrcmple                         0x08000699   Thumb Code    38  cdrcmple.o(.text)
    __scatterload                            0x080006c1   Thumb Code    28  init.o(.text)
    __scatterload_rt2                        0x080006c1   Thumb Code     0  init.o(.text)
    __aeabi_llsl                             0x080006e5   Thumb Code    30  llshl.o(.text)
    _ll_shift_l                              0x080006e5   Thumb Code     0  llshl.o(.text)
    __aeabi_llsr                             0x08000703   Thumb Code    32  llushr.o(.text)
    _ll_ushift_r                             0x08000703   Thumb Code     0  llushr.o(.text)
    __aeabi_lasr                             0x08000723   Thumb Code    36  llsshr.o(.text)
    _ll_sshift_r                             0x08000723   Thumb Code     0  llsshr.o(.text)
    _double_round                            0x08000747   Thumb Code    26  depilogue.o(.text)
    _double_epilogue                         0x08000761   Thumb Code   168  depilogue.o(.text)
    __decompress                             0x08000809   Thumb Code     0  __dczerorl2.o(.text)
    __decompress1                            0x08000809   Thumb Code    92  __dczerorl2.o(.text)
    App_SSNPTaskCreate                       0x08000865   Thumb Code    20  uctsk_ssnp_tbc.o(i.App_SSNPTaskCreate)
    App_TCBInitHook                          0x08000881   Thumb Code     2  os_apphooks.o(i.App_TCBInitHook)
    App_TaskCreateHook                       0x0800088b   Thumb Code     2  os_apphooks.o(i.App_TaskCreateHook)
    App_TaskIdleHook                         0x0800088d   Thumb Code     2  os_apphooks.o(i.App_TaskIdleHook)
    App_TaskStatHook                         0x080008ab   Thumb Code     2  os_apphooks.o(i.App_TaskStatHook)
    App_TaskSwHook                           0x080008ad   Thumb Code     2  os_apphooks.o(i.App_TaskSwHook)
    App_TimeTickHook                         0x080008af   Thumb Code     2  os_apphooks.o(i.App_TimeTickHook)
    BusFault_Handler                         0x080008b1   Thumb Code     4  stm32f10x_it.o(i.BusFault_Handler)
    DebugMon_Handler                         0x080008b5   Thumb Code     2  stm32f10x_it.o(i.DebugMon_Handler)
    ETH_DMAClearITPendingBit                 0x080008c9   Thumb Code     6  stm32_eth.o(i.ETH_DMAClearITPendingBit)
    ETH_DMAITConfig                          0x080008d5   Thumb Code    26  stm32_eth.o(i.ETH_DMAITConfig)
    ETH_DMAReceptionCmd                      0x080008f5   Thumb Code    30  stm32_eth.o(i.ETH_DMAReceptionCmd)
    ETH_DMARxDescChainInit                   0x08000919   Thumb Code    76  stm32_eth.o(i.ETH_DMARxDescChainInit)
    ETH_DMARxDescReceiveITConfig             0x0800096d   Thumb Code    22  stm32_eth.o(i.ETH_DMARxDescReceiveITConfig)
    ETH_DMATransmissionCmd                   0x08000985   Thumb Code    30  stm32_eth.o(i.ETH_DMATransmissionCmd)
    ETH_DMATxDescChainInit                   0x080009a9   Thumb Code    70  stm32_eth.o(i.ETH_DMATxDescChainInit)
    ETH_DeInit                               0x080009f9   Thumb Code    22  stm32_eth.o(i.ETH_DeInit)
    ETH_FlushTransmitFIFO                    0x08000a1d   Thumb Code    14  stm32_eth.o(i.ETH_FlushTransmitFIFO)
    ETH_GetCurrentTxBuffer                   0x08000a31   Thumb Code     8  ethernetif.o(i.ETH_GetCurrentTxBuffer)
    ETH_GetDMARxDescFrameLength              0x08000a3d   Thumb Code    10  stm32_eth.o(i.ETH_GetDMARxDescFrameLength)
    ETH_GetRxPktSize                         0x08000a49   Thumb Code    66  stm32_eth.o(i.ETH_GetRxPktSize)
    ETH_GetSoftwareResetStatus               0x08000a91   Thumb Code    20  stm32_eth.o(i.ETH_GetSoftwareResetStatus)
    ETH_IRQHandler                           0x08000aa9   Thumb Code    60  ssnp_for_app.o(i.ETH_IRQHandler)
    ETH_Init                                 0x08000aed   Thumb Code   552  stm32_eth.o(i.ETH_Init)
    ETH_MACAddressConfig                     0x08000d39   Thumb Code    46  stm32_eth.o(i.ETH_MACAddressConfig)
    ETH_MACReceptionCmd                      0x08000d6d   Thumb Code    30  stm32_eth.o(i.ETH_MACReceptionCmd)
    ETH_MACTransmissionCmd                   0x08000d91   Thumb Code    30  stm32_eth.o(i.ETH_MACTransmissionCmd)
    ETH_ReadPHYRegister                      0x08000db5   Thumb Code    88  stm32_eth.o(i.ETH_ReadPHYRegister)
    ETH_RxPkt_ChainMode                      0x08000e15   Thumb Code   148  ethernetif.o(i.ETH_RxPkt_ChainMode)
    ETH_SoftwareReset                        0x08000eb1   Thumb Code    14  stm32_eth.o(i.ETH_SoftwareReset)
    ETH_Start                                0x08000ec5   Thumb Code    32  stm32_eth.o(i.ETH_Start)
    ETH_StructInit                           0x08000ee5   Thumb Code   164  stm32_eth.o(i.ETH_StructInit)
    ETH_TxPkt_ChainMode                      0x08000f89   Thumb Code    94  ethernetif.o(i.ETH_TxPkt_ChainMode)
    ETH_WritePHYRegister                     0x08000ff1   Thumb Code    88  stm32_eth.o(i.ETH_WritePHYRegister)
    GPIO_ETH_MediaInterfaceConfig            0x080010f1   Thumb Code     6  stm32f10x_gpio.o(i.GPIO_ETH_MediaInterfaceConfig)
    GPIO_Init                                0x080010fd   Thumb Code   274  stm32f10x_gpio.o(i.GPIO_Init)
    GPIO_PinRemapConfig                      0x08001211   Thumb Code   138  stm32f10x_gpio.o(i.GPIO_PinRemapConfig)
    HardFault_Handler                        0x080012a1   Thumb Code     4  stm32f10x_it.o(i.HardFault_Handler)
    InitiateDiscovery                        0x080012a5   Thumb Code   134  ethbcp.o(i.InitiateDiscovery)
    MemManage_Handler                        0x0800135d   Thumb Code     4  stm32f10x_it.o(i.MemManage_Handler)
    NMI_Handler                              0x08001361   Thumb Code     2  stm32f10x_it.o(i.NMI_Handler)
    NVIC_Init                                0x080013d9   Thumb Code   118  misc.o(i.NVIC_Init)
    NVIC_PriorityGroupConfig                 0x0800145d   Thumb Code    10  misc.o(i.NVIC_PriorityGroupConfig)
    OSDebugInit                              0x08001471   Thumb Code   118  os_dbg.o(i.OSDebugInit)
    OSEventNameSet                           0x080015cd   Thumb Code   100  os_core.o(i.OSEventNameSet)
    OSInit                                   0x08001635   Thumb Code    56  os_core.o(i.OSInit)
    OSInitHookBegin                          0x0800166d   Thumb Code     8  os_cpu_c.o(i.OSInitHookBegin)
    OSInitHookEnd                            0x08001679   Thumb Code     2  os_cpu_c.o(i.OSInitHookEnd)
    OSIntExit                                0x0800167d   Thumb Code   112  os_core.o(i.OSIntExit)
    OSMemCreate                              0x0800170d   Thumb Code   164  os_mem.o(i.OSMemCreate)
    OSMemGet                                 0x080017b5   Thumb Code    72  os_mem.o(i.OSMemGet)
    OSMemPut                                 0x080017fd   Thumb Code    66  os_mem.o(i.OSMemPut)
    OSQAccept                                0x0800183f   Thumb Code    98  os_q.o(i.OSQAccept)
    OSQCreate                                0x080018a1   Thumb Code   144  os_q.o(i.OSQCreate)
    OSQDel                                   0x08001941   Thumb Code   254  os_q.o(i.OSQDel)
    OSQFlush                                 0x08001a51   Thumb Code    52  os_q.o(i.OSQFlush)
    OSQPend                                  0x08001a85   Thumb Code   288  os_q.o(i.OSQPend)
    OSQPost                                  0x08001bb1   Thumb Code   120  os_q.o(i.OSQPost)
    OSSchedLock                              0x08001c29   Thumb Code    50  os_core.o(i.OSSchedLock)
    OSSchedUnlock                            0x08001c69   Thumb Code    82  os_core.o(i.OSSchedUnlock)
    OSSemCreate                              0x08001cc9   Thumb Code    72  os_sem.o(i.OSSemCreate)
    OSSemDel                                 0x08001d1d   Thumb Code   220  os_sem.o(i.OSSemDel)
    OSSemPend                                0x08001e05   Thumb Code   236  os_sem.o(i.OSSemPend)
    OSSemPost                                0x08001efd   Thumb Code    94  os_sem.o(i.OSSemPost)
    OSStart                                  0x08001f5d   Thumb Code    48  os_core.o(i.OSStart)
    OSStatInit                               0x08001fa5   Thumb Code    62  os_core.o(i.OSStatInit)
    OSTCBInitHook                            0x08001ff1   Thumb Code    12  os_cpu_c.o(i.OSTCBInitHook)
    OSTaskCreate                             0x08001ffd   Thumb Code   154  os_task.o(i.OSTaskCreate)
    OSTaskCreateExt                          0x080020a5   Thumb Code   178  os_task.o(i.OSTaskCreateExt)
    OSTaskCreateHook                         0x08002165   Thumb Code    12  os_cpu_c.o(i.OSTaskCreateHook)
    OSTaskIdleHook                           0x08002171   Thumb Code     8  os_cpu_c.o(i.OSTaskIdleHook)
    OSTaskNameSet                            0x08002179   Thumb Code   120  os_task.o(i.OSTaskNameSet)
    OSTaskStatHook                           0x080021fd   Thumb Code     8  os_cpu_c.o(i.OSTaskStatHook)
    OSTaskStkChk                             0x08002205   Thumb Code   150  os_task.o(i.OSTaskStkChk)
    OSTaskStkInit                            0x080022a5   Thumb Code   154  os_cpu_c.o(i.OSTaskStkInit)
    OSTaskSuspend                            0x08002341   Thumb Code   180  os_task.o(i.OSTaskSuspend)
    OSTaskSwHook                             0x08002405   Thumb Code     8  os_cpu_c.o(i.OSTaskSwHook)
    OSTimeDly                                0x0800240d   Thumb Code   108  os_time.o(i.OSTimeDly)
    OSTimeDlyHMSM                            0x0800248d   Thumb Code   124  os_time.o(i.OSTimeDlyHMSM)
    OSTimeGet                                0x08002511   Thumb Code    24  os_time.o(i.OSTimeGet)
    OSTimeTick                               0x0800252d   Thumb Code   218  os_core.o(i.OSTimeTick)
    OSTimeTickHook                           0x08002621   Thumb Code    34  os_cpu_c.o(i.OSTimeTickHook)
    OSTmrSignal                              0x08002649   Thumb Code    16  os_tmr.o(i.OSTmrSignal)
    OSTmr_Init                               0x0800265d   Thumb Code   168  os_tmr.o(i.OSTmr_Init)
    OS_CPU_SysTickInit                       0x080028d1   Thumb Code    86  os_cpu_c.o(i.OS_CPU_SysTickInit)
    OS_EventTaskRdy                          0x08002935   Thumb Code   138  os_core.o(i.OS_EventTaskRdy)
    OS_EventTaskRemove                       0x080029d1   Thumb Code    50  os_core.o(i.OS_EventTaskRemove)
    OS_EventTaskRemoveMulti                  0x08002a03   Thumb Code    80  os_core.o(i.OS_EventTaskRemoveMulti)
    OS_EventTaskWait                         0x08002a55   Thumb Code   120  os_core.o(i.OS_EventTaskWait)
    OS_EventWaitListInit                     0x08002ad9   Thumb Code    28  os_core.o(i.OS_EventWaitListInit)
    OS_FlagInit                              0x08002af5   Thumb Code    74  os_flag.o(i.OS_FlagInit)
    OS_MemClr                                0x08002d65   Thumb Code    18  os_core.o(i.OS_MemClr)
    OS_MemInit                               0x08002d79   Thumb Code    74  os_mem.o(i.OS_MemInit)
    OS_QInit                                 0x08002dd1   Thumb Code    72  os_q.o(i.OS_QInit)
    OS_Sched                                 0x08002e21   Thumb Code    88  os_core.o(i.OS_Sched)
    OS_TCBInit                               0x08002ec1   Thumb Code   294  os_core.o(i.OS_TCBInit)
    OS_TaskIdle                              0x08003005   Thumb Code    34  os_core.o(i.OS_TaskIdle)
    OS_TaskStat                              0x0800302d   Thumb Code   116  os_core.o(i.OS_TaskStat)
    OS_TaskStatStkChk                        0x080030b5   Thumb Code    54  os_core.o(i.OS_TaskStatStkChk)
    OS_TaskStkClr                            0x080030f1   Thumb Code    26  os_task.o(i.OS_TaskStkClr)
    RCC_AHBPeriphClockCmd                    0x0800310d   Thumb Code    26  stm32f10x_rcc.o(i.RCC_AHBPeriphClockCmd)
    RCC_AHBPeriphResetCmd                    0x0800312d   Thumb Code    26  stm32f10x_rcc.o(i.RCC_AHBPeriphResetCmd)
    RCC_APB1PeriphClockCmd                   0x0800314d   Thumb Code    26  stm32f10x_rcc.o(i.RCC_APB1PeriphClockCmd)
    RCC_APB2PeriphClockCmd                   0x0800316d   Thumb Code    26  stm32f10x_rcc.o(i.RCC_APB2PeriphClockCmd)
    RCC_GetClocksFreq                        0x0800318d   Thumb Code   374  stm32f10x_rcc.o(i.RCC_GetClocksFreq)
    RCC_GetFlagStatus                        0x0800331d   Thumb Code    56  stm32f10x_rcc.o(i.RCC_GetFlagStatus)
    RCC_MCOConfig                            0x08003359   Thumb Code     6  stm32f10x_rcc.o(i.RCC_MCOConfig)
    RCC_PLL3Cmd                              0x08003365   Thumb Code     6  stm32f10x_rcc.o(i.RCC_PLL3Cmd)
    RCC_PLL3Config                           0x08003371   Thumb Code    18  stm32f10x_rcc.o(i.RCC_PLL3Config)
    SVC_Handler                              0x08003389   Thumb Code     2  stm32f10x_it.o(i.SVC_Handler)
    SysTick_Handler                          0x08003495   Thumb Code    34  stm32f10x_it.o(i.SysTick_Handler)
    SystemInit                               0x080034bd   Thumb Code    92  system_stm32f10x.o(i.SystemInit)
    TBC_DLL_init                             0x08003529   Thumb Code    58  ethbcp.o(i.TBC_DLL_init)
    TBC_init                                 0x08003591   Thumb Code    26  tbc.o(i.TBC_init)
    TBIM_recongnition                        0x080035b1   Thumb Code    42  tbc.o(i.TBIM_recongnition)
    TIM5_IRQHandler                          0x080035dd   Thumb Code    22  uctsk_ssnp_tbc.o(i.TIM5_IRQHandler)
    TIM_ClearITPendingBit                    0x08003681   Thumb Code     6  stm32f10x_tim.o(i.TIM_ClearITPendingBit)
    TIM_Cmd                                  0x08003687   Thumb Code    24  stm32f10x_tim.o(i.TIM_Cmd)
    TIM_GetCounter                           0x0800369f   Thumb Code     6  stm32f10x_tim.o(i.TIM_GetCounter)
    TIM_GetITStatus                          0x080036a5   Thumb Code    34  stm32f10x_tim.o(i.TIM_GetITStatus)
    TIM_ITConfig                             0x080036c7   Thumb Code    24  stm32f10x_tim.o(i.TIM_ITConfig)
    TIM_TimeBaseInit                         0x080036e1   Thumb Code   122  stm32f10x_tim.o(i.TIM_TimeBaseInit)
    USART1_IRQHandler                        0x08003785   Thumb Code     2  stm32f10x_it.o(i.USART1_IRQHandler)
    USART2_IRQHandler                        0x08003789   Thumb Code   282  ssnp_for_app.o(i.USART2_IRQHandler)
    USART_ClearFlag                          0x080038d1   Thumb Code    18  stm32f10x_usart.o(i.USART_ClearFlag)
    USART_ClearITPendingBit                  0x080038e3   Thumb Code    30  stm32f10x_usart.o(i.USART_ClearITPendingBit)
    USART_Cmd                                0x08003901   Thumb Code    24  stm32f10x_usart.o(i.USART_Cmd)
    USART_GetFlagStatus                      0x080039b9   Thumb Code    26  stm32f10x_usart.o(i.USART_GetFlagStatus)
    USART_GetITStatus                        0x080039d3   Thumb Code    84  stm32f10x_usart.o(i.USART_GetITStatus)
    USART_ITConfig                           0x08003a27   Thumb Code    74  stm32f10x_usart.o(i.USART_ITConfig)
    USART_Init                               0x08003a71   Thumb Code   210  stm32f10x_usart.o(i.USART_Init)
    USART_ReceiveData                        0x08003b49   Thumb Code    10  stm32f10x_usart.o(i.USART_ReceiveData)
    USART_SendData                           0x08003b53   Thumb Code     8  stm32f10x_usart.o(i.USART_SendData)
    UsageFault_Handler                       0x08003b5b   Thumb Code     4  stm32f10x_it.o(i.UsageFault_Handler)
    __0printf                                0x08003b61   Thumb Code    22  printfa.o(i.__0printf)
    __1printf                                0x08003b61   Thumb Code     0  printfa.o(i.__0printf)
    __2printf                                0x08003b61   Thumb Code     0  printfa.o(i.__0printf)
    __c89printf                              0x08003b61   Thumb Code     0  printfa.o(i.__0printf)
    printf                                   0x08003b61   Thumb Code     0  printfa.o(i.__0printf)
    __scatterload_copy                       0x08003b81   Thumb Code    14  handlers.o(i.__scatterload_copy)
    __scatterload_null                       0x08003b8f   Thumb Code     2  handlers.o(i.__scatterload_null)
    __scatterload_zeroinit                   0x08003b91   Thumb Code    14  handlers.o(i.__scatterload_zeroinit)
    add_alias_pending                        0x0800441d   Thumb Code    82  alias_state.o(i.add_alias_pending)
    alias_check_timer                        0x08004491   Thumb Code    30  timer.o(i.alias_check_timer)
    alias_done                               0x080044b5   Thumb Code   190  alias_state.o(i.alias_done)
    alloc_alias_map                          0x0800457d   Thumb Code    70  alias_map.o(i.alloc_alias_map)
    clear_unresponsive_alias                 0x080046d5   Thumb Code    68  alias_state.o(i.clear_unresponsive_alias)
    deQueue                                  0x08004879   Thumb Code    86  upcomputer.o(i.deQueue)
    del_alias_map                            0x080048d5   Thumb Code    40  alias_map.o(i.del_alias_map)
    delayMeasure                             0x08004905   Thumb Code   124  uctsk_ssnp_tbc.o(i.delayMeasure)
    do_bind                                  0x080049e9   Thumb Code   114  api_msg.o(i.do_bind)
    do_connect                               0x08004a5b   Thumb Code   100  api_msg.o(i.do_connect)
    do_get_alias_alloc_state                 0x08004abf   Thumb Code    24  api_msg.o(i.do_get_alias_alloc_state)
    do_newconn                               0x08004ad7   Thumb Code    30  api_msg.o(i.do_newconn)
    dp_bind                                  0x08004af5   Thumb Code    50  dp.o(i.dp_bind)
    dp_connect                               0x08004b2d   Thumb Code    52  dp.o(i.dp_connect)
    dp_input                                 0x08004b65   Thumb Code   538  dp.o(i.dp_input)
    dp_new                                   0x08004f49   Thumb Code    24  dp.o(i.dp_new)
    dp_recv                                  0x08004f61   Thumb Code     6  dp.o(i.dp_recv)
    enQueue                                  0x08004f69   Thumb Code    66  upcomputer.o(i.enQueue)
    ethbcp_output                            0x080052e9   Thumb Code   140  ethbcp.o(i.ethbcp_output)
    ethernet_input                           0x08005529   Thumb Code   222  ethbcp.o(i.ethernet_input)
    ethernetif_init                          0x080056e5   Thumb Code    70  ethernetif.o(i.ethernetif_init)
    ethernetif_input                         0x0800575d   Thumb Code    66  ethernetif.o(i.ethernetif_input)
    fputc                                    0x080057e5   Thumb Code    32  uctsk_ssnp_tbc.o(i.fputc)
    get_alias_alloc_state                    0x08005809   Thumb Code     6  ethbcp.o(i.get_alias_alloc_state)
    get_alias_done_list                      0x08005815   Thumb Code     6  alias_state.o(i.get_alias_done_list)
    get_done_list                            0x08005821   Thumb Code    20  ethbcp.o(i.get_done_list)
    get_tbim                                 0x08005855   Thumb Code    38  api_lib.o(i.get_tbim)
    hardware_init                            0x08005881   Thumb Code     8  ssnp_for_app.o(i.hardware_init)
    inet_chksum                              0x08005889   Thumb Code     6  inet_chksum.o(i.inet_chksum)
    init_queue                               0x08005891   Thumb Code    12  upcomputer.o(i.init_queue)
    isQempty                                 0x080058a1   Thumb Code    16  upcomputer.o(i.isQempty)
    isQfull                                  0x080058b5   Thumb Code    34  upcomputer.o(i.isQfull)
    is_exist_in_pending_list                 0x080058dd   Thumb Code    26  alias_state.o(i.is_exist_in_pending_list)
    is_reflect_reply_ok                      0x080058f9   Thumb Code     6  ethbcp.o(i.is_reflect_reply_ok)
    main                                     0x08005a55   Thumb Code    72  main.o(i.main)
    mem_alloc                                0x08005ab1   Thumb Code   246  mem.o(i.mem_alloc)
    mem_free                                 0x08005bb9   Thumb Code    74  mem.o(i.mem_free)
    mem_init                                 0x08005c15   Thumb Code    82  mem.o(i.mem_init)
    mem_trim                                 0x08005c7d   Thumb Code   252  mem.o(i.mem_trim)
    memp_alloc                               0x08005d89   Thumb Code    38  memp.o(i.memp_alloc)
    memp_free                                0x08005db5   Thumb Code    46  memp.o(i.memp_free)
    memp_init                                0x08005de9   Thumb Code    70  memp.o(i.memp_init)
    netbuf_delete                            0x08005e41   Thumb Code    30  netbuf.o(i.netbuf_delete)
    netconn_bind                             0x08005f31   Thumb Code    50  api_lib.o(i.netconn_bind)
    netconn_connect                          0x08005f69   Thumb Code    50  api_lib.o(i.netconn_connect)
    netconn_new                              0x08005fa1   Thumb Code    60  api_lib.o(i.netconn_new)
    netif_add                                0x08005fe1   Thumb Code    84  netif.o(i.netif_add)
    netif_init                               0x08006061   Thumb Code     2  netif.o(i.netif_init)
    netif_set_default                        0x08006065   Thumb Code     6  netif.o(i.netif_set_default)
    pbuf_alloc                               0x08006071   Thumb Code   366  pbuf.o(i.pbuf_alloc)
    pbuf_cat                                 0x08006201   Thumb Code    36  pbuf.o(i.pbuf_cat)
    pbuf_chain                               0x08006225   Thumb Code    22  pbuf.o(i.pbuf_chain)
    pbuf_free                                0x0800623b   Thumb Code   108  pbuf.o(i.pbuf_free)
    pbuf_header                              0x080062a7   Thumb Code   106  pbuf.o(i.pbuf_header)
    pbuf_realloc                             0x08006311   Thumb Code   100  pbuf.o(i.pbuf_realloc)
    pbuf_ref                                 0x08006375   Thumb Code    26  pbuf.o(i.pbuf_ref)
    protocol_init                            0x08006495   Thumb Code    84  ssnp_for_app.o(i.protocol_init)
    protocol_stack_init                      0x08006519   Thumb Code    28  init.o(i.protocol_stack_init)
    sdp_bind                                 0x0800668d   Thumb Code    50  sdp.o(i.sdp_bind)
    sdp_connect                              0x080066c5   Thumb Code    52  sdp.o(i.sdp_connect)
    sdp_input                                0x080066fd   Thumb Code   514  sdp.o(i.sdp_input)
    sdp_new                                  0x08006a11   Thumb Code    24  sdp.o(i.sdp_new)
    sdp_recv                                 0x08006a29   Thumb Code     6  sdp.o(i.sdp_recv)
    send_begin_of_epoch_msg                  0x08006b05   Thumb Code   118  ethbcp.o(i.send_begin_of_epoch_msg)
    send_discovery_msg                       0x08006bb9   Thumb Code    10  ssnp_for_app.o(i.send_discovery_msg)
    send_follow_up_msg                       0x08006bc9   Thumb Code   120  ethbcp.o(i.send_follow_up_msg)
    send_reflect_delay_to_tbim               0x08006c75   Thumb Code   146  ethbcp.o(i.send_reflect_delay_to_tbim)
    send_reflect_msg                         0x08006d3d   Thumb Code   152  ethbcp.o(i.send_reflect_msg)
    send_sdp_upcomputer                      0x08006e0d   Thumb Code    60  upcomputer.o(i.send_sdp_upcomputer)
    send_sync_time_msg                       0x08006e49   Thumb Code   106  ethbcp.o(i.send_sync_time_msg)
    send_upcomputer                          0x08006ee9   Thumb Code    42  upcomputer.o(i.send_upcomputer)
    set_alias_alloc_done                     0x08006f19   Thumb Code     8  ethbcp.o(i.set_alias_alloc_done)
    set_connection_recvmbox                  0x08006f25   Thumb Code    12  api_lib.o(i.set_connection_recvmbox)
    set_mac_address                          0x08006f31   Thumb Code    32  ethernetif.o(i.set_mac_address)
    set_reflect_reply_unfinished             0x08006f55   Thumb Code     8  ethbcp.o(i.set_reflect_reply_unfinished)
    ssnp_apimsg                              0x08006f69   Thumb Code    52  ssnp.o(i.ssnp_apimsg)
    ssnp_apimsg_alias_list                   0x08006fa1   Thumb Code    50  ssnp.o(i.ssnp_apimsg_alias_list)
    ssnp_init                                0x08006fd9   Thumb Code    74  ssnp.o(i.ssnp_init)
    ssnp_input                               0x08007061   Thumb Code    84  ssnp.o(i.ssnp_input)
    sys_arch_mbox_fetch                      0x0800719d   Thumb Code   136  sys_arch.o(i.sys_arch_mbox_fetch)
    sys_arch_mbox_fetch_unblock              0x08007229   Thumb Code    20  sys_arch.o(i.sys_arch_mbox_fetch_unblock)
    sys_arch_sem_wait                        0x0800723d   Thumb Code   108  sys_arch.o(i.sys_arch_sem_wait)
    sys_init                                 0x080072a9   Thumb Code    26  sys_arch.o(i.sys_init)
    sys_mbox_free                            0x080072cd   Thumb Code    78  sys_arch.o(i.sys_mbox_free)
    sys_mbox_new                             0x08007345   Thumb Code    72  sys_arch.o(i.sys_mbox_new)
    sys_mbox_post                            0x0800739d   Thumb Code    42  sys_arch.o(i.sys_mbox_post)
    sys_mbox_trypost                         0x080073cd   Thumb Code    30  sys_arch.o(i.sys_mbox_trypost)
    sys_sem_free                             0x080073f1   Thumb Code    16  sys_arch.o(i.sys_sem_free)
    sys_sem_new                              0x08007401   Thumb Code    16  sys_arch.o(i.sys_sem_new)
    sys_sem_signal                           0x08007411   Thumb Code    12  sys_arch.o(i.sys_sem_signal)
    sys_thread_new                           0x0800741d   Thumb Code   126  sys_arch.o(i.sys_thread_new)
    sys_time_get                             0x080074a1   Thumb Code     8  sys_arch.o(i.sys_time_get)
    sys_timeout                              0x080074a9   Thumb Code   148  timer.o(i.sys_timeout)
    sys_timeouts_init                        0x08007541   Thumb Code    16  timer.o(i.sys_timeouts_init)
    sys_timeouts_mbox_fetch                  0x08007555   Thumb Code   136  timer.o(i.sys_timeouts_mbox_fetch)
    sys_untimeout                            0x080075e1   Thumb Code    90  timer.o(i.sys_untimeout)
    tbc_send_begin_of_epoch_msg              0x08007641   Thumb Code    10  ssnp_for_app.o(i.tbc_send_begin_of_epoch_msg)
    tbc_send_follow_up_msg                   0x08007651   Thumb Code    14  ssnp_for_app.o(i.tbc_send_follow_up_msg)
    tbc_send_reflect_delay_to_tbim           0x08007665   Thumb Code    18  ssnp_for_app.o(i.tbc_send_reflect_delay_to_tbim)
    tbc_send_reflect_msg                     0x0800767d   Thumb Code    14  ssnp_for_app.o(i.tbc_send_reflect_msg)
    tbc_send_sync_time_msg                   0x08007691   Thumb Code    10  ssnp_for_app.o(i.tbc_send_sync_time_msg)
    tp_bind                                  0x080076bd   Thumb Code    68  tp.o(i.tp_bind)
    tp_connect                               0x08007705   Thumb Code    52  tp.o(i.tp_connect)
    tp_input                                 0x0800773d   Thumb Code   320  tp.o(i.tp_input)
    tp_new                                   0x08007969   Thumb Code    24  tp.o(i.tp_new)
    tp_recv                                  0x08007981   Thumb Code     6  tp.o(i.tp_recv)
    OSDebugEn                                0x08007db0   Data           2  os_dbg.o(.constdata)
    OSEndiannessTest                         0x08007db4   Data           4  os_dbg.o(.constdata)
    OSEventEn                                0x08007db8   Data           2  os_dbg.o(.constdata)
    OSEventMax                               0x08007dba   Data           2  os_dbg.o(.constdata)
    OSEventNameEn                            0x08007dbc   Data           2  os_dbg.o(.constdata)
    OSEventSize                              0x08007dbe   Data           2  os_dbg.o(.constdata)
    OSEventTblSize                           0x08007dc0   Data           2  os_dbg.o(.constdata)
    OSEventMultiEn                           0x08007dc2   Data           2  os_dbg.o(.constdata)
    OSFlagEn                                 0x08007dc4   Data           2  os_dbg.o(.constdata)
    OSFlagGrpSize                            0x08007dc6   Data           2  os_dbg.o(.constdata)
    OSFlagNodeSize                           0x08007dc8   Data           2  os_dbg.o(.constdata)
    OSFlagWidth                              0x08007dca   Data           2  os_dbg.o(.constdata)
    OSFlagMax                                0x08007dcc   Data           2  os_dbg.o(.constdata)
    OSFlagNameEn                             0x08007dce   Data           2  os_dbg.o(.constdata)
    OSLowestPrio                             0x08007dd0   Data           2  os_dbg.o(.constdata)
    OSMboxEn                                 0x08007dd2   Data           2  os_dbg.o(.constdata)
    OSMemEn                                  0x08007dd4   Data           2  os_dbg.o(.constdata)
    OSMemMax                                 0x08007dd6   Data           2  os_dbg.o(.constdata)
    OSMemNameEn                              0x08007dd8   Data           2  os_dbg.o(.constdata)
    OSMemSize                                0x08007dda   Data           2  os_dbg.o(.constdata)
    OSMemTblSize                             0x08007ddc   Data           2  os_dbg.o(.constdata)
    OSMutexEn                                0x08007dde   Data           2  os_dbg.o(.constdata)
    OSPtrSize                                0x08007de0   Data           2  os_dbg.o(.constdata)
    OSQEn                                    0x08007de2   Data           2  os_dbg.o(.constdata)
    OSQMax                                   0x08007de4   Data           2  os_dbg.o(.constdata)
    OSQSize                                  0x08007de6   Data           2  os_dbg.o(.constdata)
    OSRdyTblSize                             0x08007de8   Data           2  os_dbg.o(.constdata)
    OSSemEn                                  0x08007dea   Data           2  os_dbg.o(.constdata)
    OSStkWidth                               0x08007dec   Data           2  os_dbg.o(.constdata)
    OSTaskCreateEn                           0x08007dee   Data           2  os_dbg.o(.constdata)
    OSTaskCreateExtEn                        0x08007df0   Data           2  os_dbg.o(.constdata)
    OSTaskDelEn                              0x08007df2   Data           2  os_dbg.o(.constdata)
    OSTaskIdleStkSize                        0x08007df4   Data           2  os_dbg.o(.constdata)
    OSTaskProfileEn                          0x08007df6   Data           2  os_dbg.o(.constdata)
    OSTaskMax                                0x08007df8   Data           2  os_dbg.o(.constdata)
    OSTaskNameEn                             0x08007dfa   Data           2  os_dbg.o(.constdata)
    OSTaskStatEn                             0x08007dfc   Data           2  os_dbg.o(.constdata)
    OSTaskStatStkSize                        0x08007dfe   Data           2  os_dbg.o(.constdata)
    OSTaskStatStkChkEn                       0x08007e00   Data           2  os_dbg.o(.constdata)
    OSTaskSwHookEn                           0x08007e02   Data           2  os_dbg.o(.constdata)
    OSTaskRegTblSize                         0x08007e04   Data           2  os_dbg.o(.constdata)
    OSTCBPrioTblMax                          0x08007e06   Data           2  os_dbg.o(.constdata)
    OSTCBSize                                0x08007e08   Data           2  os_dbg.o(.constdata)
    OSTicksPerSec                            0x08007e0a   Data           2  os_dbg.o(.constdata)
    OSTimeTickHookEn                         0x08007e0c   Data           2  os_dbg.o(.constdata)
    OSVersionNbr                             0x08007e0e   Data           2  os_dbg.o(.constdata)
    OSTmrEn                                  0x08007e10   Data           2  os_dbg.o(.constdata)
    OSTmrCfgMax                              0x08007e12   Data           2  os_dbg.o(.constdata)
    OSTmrCfgNameEn                           0x08007e14   Data           2  os_dbg.o(.constdata)
    OSTmrCfgWheelSize                        0x08007e16   Data           2  os_dbg.o(.constdata)
    OSTmrCfgTicksPerSec                      0x08007e18   Data           2  os_dbg.o(.constdata)
    OSTmrSize                                0x08007e1a   Data           2  os_dbg.o(.constdata)
    OSTmrTblSize                             0x08007e1c   Data           2  os_dbg.o(.constdata)
    OSTmrWheelSize                           0x08007e1e   Data           2  os_dbg.o(.constdata)
    OSTmrWheelTblSize                        0x08007e20   Data           2  os_dbg.o(.constdata)
    OSDataSize                               0x08007e22   Data           2  os_dbg.o(.constdata)
    OSUnMapTbl                               0x08007e24   Data         256  os_core.o(.constdata)
    pvNullPointer                            0x08007f54   Data           4  sys_arch.o(.constdata)
    Region$$Table$$Base                      0x08007f9c   Number         0  anon$$obj.o(Region$$Table)
    Region$$Table$$Limit                     0x08007fbc   Number         0  anon$$obj.o(Region$$Table)
    recv_num                                 0x20000000   Data           4  uctsk_ssnp_tbc.o(.data)
    syn_num                                  0x20000004   Data           4  uctsk_ssnp_tbc.o(.data)
    asyn_num                                 0x20000008   Data           4  uctsk_ssnp_tbc.o(.data)
    timeArr                                  0x2000000c   Data           2  uctsk_ssnp_tbc.o(.data)
    flag                                     0x2000000e   Data           1  uctsk_ssnp_tbc.o(.data)
    timeSlot                                 0x20000010   Data           4  uctsk_ssnp_tbc.o(.data)
    timePrev                                 0x20000014   Data           2  uctsk_ssnp_tbc.o(.data)
    timeCur                                  0x20000016   Data           2  uctsk_ssnp_tbc.o(.data)
    distance                                 0x20000018   Data           2  uctsk_ssnp_tbc.o(.data)
    timeSync                                 0x2000001c   Data           4  uctsk_ssnp_tbc.o(.data)
    timeEpoch                                0x20000020   Data           4  uctsk_ssnp_tbc.o(.data)
    epochPrev                                0x20000024   Data           4  uctsk_ssnp_tbc.o(.data)
    epochCur                                 0x20000028   Data           4  uctsk_ssnp_tbc.o(.data)
    epochBegin                               0x2000002c   Data           4  uctsk_ssnp_tbc.o(.data)
    auxEpoch                                 0x20000030   Data           4  uctsk_ssnp_tbc.o(.data)
    epochDis                                 0x20000034   Data           4  uctsk_ssnp_tbc.o(.data)
    indexSamp                                0x20000038   Data           2  uctsk_ssnp_tbc.o(.data)
    upcomputer_cmd_recv_mbox                 0x20000044   Data           4  uctsk_ssnp_tbc.o(.data)
    get_up_cmd                               0x20000048   Data           4  uctsk_ssnp_tbc.o(.data)
    get_up_cmd_alias                         0x2000004c   Data           1  uctsk_ssnp_tbc.o(.data)
    interrupt                                0x2000004d   Data           1  uctsk_ssnp_tbc.o(.data)
    get_up_cmd_tdcn                          0x2000004e   Data           1  uctsk_ssnp_tbc.o(.data)
    b                                        0x20000050   Data           4  uctsk_ssnp_tbc.o(.data)
    DMATxDescToSet                           0x20000068   Data           4  stm32_eth.o(.data)
    DMARxDescToGet                           0x2000006c   Data           4  stm32_eth.o(.data)
    DMAPTPTxDescToSet                        0x20000070   Data           4  stm32_eth.o(.data)
    DMAPTPRxDescToGet                        0x20000074   Data           4  stm32_eth.o(.data)
    SystemCoreClock                          0x20000078   Data           4  system_stm32f10x.o(.data)
    AHBPrescTable                            0x2000007c   Data          16  system_stm32f10x.o(.data)
    OSCtxSwCtr                               0x20000090   Data           4  os_core.o(.data)
    OSEventFreeList                          0x20000094   Data           4  os_core.o(.data)
    OSFlagFreeList                           0x20000098   Data           4  os_core.o(.data)
    OSCPUUsage                               0x2000009c   Data           1  os_core.o(.data)
    OSIdleCtrMax                             0x200000a0   Data           4  os_core.o(.data)
    OSIdleCtrRun                             0x200000a4   Data           4  os_core.o(.data)
    OSStatRdy                                0x200000a8   Data           1  os_core.o(.data)
    OSIntNesting                             0x200000a9   Data           1  os_core.o(.data)
    OSLockNesting                            0x200000aa   Data           1  os_core.o(.data)
    OSPrioCur                                0x200000ab   Data           1  os_core.o(.data)
    OSPrioHighRdy                            0x200000ac   Data           1  os_core.o(.data)
    OSRdyGrp                                 0x200000ad   Data           1  os_core.o(.data)
    OSRdyTbl                                 0x200000ae   Data           8  os_core.o(.data)
    OSRunning                                0x200000b6   Data           1  os_core.o(.data)
    OSTaskCtr                                0x200000b7   Data           1  os_core.o(.data)
    OSIdleCtr                                0x200000b8   Data           4  os_core.o(.data)
    OSTCBCur                                 0x200000bc   Data           4  os_core.o(.data)
    OSTCBFreeList                            0x200000c0   Data           4  os_core.o(.data)
    OSTCBHighRdy                             0x200000c4   Data           4  os_core.o(.data)
    OSTCBList                                0x200000c8   Data           4  os_core.o(.data)
    OSTickStepState                          0x200000cc   Data           1  os_core.o(.data)
    OSMemFreeList                            0x200000d0   Data           4  os_core.o(.data)
    OSQFreeList                              0x200000d4   Data           4  os_core.o(.data)
    OSTime                                   0x200000d8   Data           4  os_core.o(.data)
    OSTmrFree                                0x200000dc   Data           2  os_core.o(.data)
    OSTmrUsed                                0x200000de   Data           2  os_core.o(.data)
    OSTmrTime                                0x200000e0   Data           4  os_core.o(.data)
    OSTmrSem                                 0x200000e4   Data           4  os_core.o(.data)
    OSTmrSemSignal                           0x200000e8   Data           4  os_core.o(.data)
    OSTmrFreeList                            0x200000ec   Data           4  os_core.o(.data)
    tbimDelayTime                            0x200000f4   Data           4  ethbcp.o(.data)
    tbimAlias                                0x20000107   Data           1  ethbcp.o(.data)
    mac_address                              0x20000108   Data           6  ethernetif.o(.data)
    MACaddr                                  0x2000010e   Data           6  ethernetif.o(.data)
    netif_list                               0x20000124   Data           4  netif.o(.data)
    netif_default                            0x20000128   Data           4  netif.o(.data)
    isRecvFinish                             0x2000014a   Data           1  ssnp_for_app.o(.data)
    recv_len                                 0x2000014c   Data           2  ssnp_for_app.o(.data)
    i                                        0x2000014e   Data           1  ssnp_for_app.o(.data)
    flagMeasure                              0x2000014f   Data           1  ssnp_for_app.o(.data)
    recv_data_len                            0x20000150   Data           2  ssnp_for_app.o(.data)
    recv_data                                0x20000152   Data           2  ssnp_for_app.o(.data)
    temp_trx                                 0x20000154   Data           2  ssnp_for_app.o(.data)
    item                                     0x20000156   Data           4  ssnp_for_app.o(.data)
    as_list                                  0x20000164   Data           4  alias_state.o(.data)
    __stdout                                 0x20000170   Data           4  stdout.o(.data)
    sampData                                 0x200006a0   Data        2000  uctsk_ssnp_tbc.o(.bss)
    timeValue                                0x20000e70   Data         200  uctsk_ssnp_tbc.o(.bss)
    sampValue                                0x20000f38   Data         200  uctsk_ssnp_tbc.o(.bss)
    OSEventTbl                               0x2000102c   Data         480  os_core.o(.bss)
    OSFlagTbl                                0x2000120c   Data          80  os_core.o(.bss)
    OSTaskStatStk                            0x2000125c   Data         256  os_core.o(.bss)
    OSTaskIdleStk                            0x2000135c   Data         128  os_core.o(.bss)
    OSTCBPrioTbl                             0x200013dc   Data         256  os_core.o(.bss)
    OSTCBTbl                                 0x200014dc   Data        1936  os_core.o(.bss)
    OSMemTbl                                 0x20001c6c   Data         120  os_core.o(.bss)
    OSQTbl                                   0x20001ce4   Data          96  os_core.o(.bss)
    OSTmrTbl                                 0x20001d44   Data         640  os_core.o(.bss)
    OSTmrTaskStk                             0x20001fc4   Data         256  os_core.o(.bss)
    OSTmrWheelTbl                            0x200020c4   Data          64  os_core.o(.bss)
    delayTime                                0x20002104   Data         400  ethbcp.o(.bss)
    sendPC                                   0x20002294   Data          10  ethbcp.o(.bss)
    DMARxDscrTab                             0x200022a0   Data          64  ethernetif.o(.bss)
    DMATxDscrTab                             0x200022e0   Data          32  ethernetif.o(.bss)
    Rx_Buff                                  0x20002300   Data        6080  ethernetif.o(.bss)
    Tx_Buff                                  0x20003ac0   Data        3040  ethernetif.o(.bss)
    RAM                                      0x200046a0   Data       10268  mem.o(.bss)
    SSNP_TASK_STK                            0x2000ab88   Data        3600  sys_arch.o(.bss)
    recv_teds                                0x2000d954   Data         147  ssnp_for_app.o(.bss)
    tbc                                      0x2000dc6c   Data        6676  tbc.o(.bss)
    __initial_sp                             0x2000fe80   Data           0  startup_stm32f10x_cl.o(STACK)



==============================================================================

Memory Map of the image

  Image Entry point : 0x08000151

  Load Region LR_IROM1 (Base: 0x08000000, Size: 0x00008130, Max: 0x00040000, ABSOLUTE, COMPRESSED[0x00007fe0])

    Execution Region ER_IROM1 (Base: 0x08000000, Size: 0x00007fbc, Max: 0x00040000, ABSOLUTE)

    Base Addr    Size         Type   Attr      Idx    E Section Name        Object

    0x08000000   0x00000150   Data   RO         4371    RESET               startup_stm32f10x_cl.o
    0x08000150   0x00000000   Code   RO         7836  * .ARM.Collect$$$$00000000  mc_w.l(entry.o)
    0x08000150   0x00000004   Code   RO         8108    .ARM.Collect$$$$00000001  mc_w.l(entry2.o)
    0x08000154   0x00000004   Code   RO         8111    .ARM.Collect$$$$00000004  mc_w.l(entry5.o)
    0x08000158   0x00000008   Code   RO         8112    .ARM.Collect$$$$00000007  mc_w.l(entry7.o)
    0x08000160   0x00000004   Code   RO         8109    .ARM.Collect$$$$00002712  mc_w.l(entry2.o)
    0x08000164   0x00000024   Code   RO         4372    .text               startup_stm32f10x_cl.o
    0x08000188   0x000000a4   Code   RO         4494    .text               os_cpu_a.o
    0x0800022c   0x0000002a   Code   RO         5389    .text               cpu_a.o
    0x08000256   0x00000024   Code   RO         7839    .text               mc_w.l(memcpya.o)
    0x0800027a   0x00000026   Code   RO         7841    .text               mc_w.l(memseta.o)
    0x080002a0   0x0000002c   Code   RO         8106    .text               mf_w.l(f2d.o)
    0x080002cc   0x0000002c   Code   RO         8114    .text               mc_w.l(uidiv.o)
    0x080002f8   0x00000066   Code   RO         8116    .text               mc_w.l(uldiv.o)
    0x0800035e   0x00000000   Code   RO         8118    .text               mc_w.l(iusefp.o)
    0x0800035e   0x0000014a   Code   RO         8119    .text               mf_w.l(dadd.o)
    0x080004a8   0x000000e2   Code   RO         8121    .text               mf_w.l(dmul.o)
    0x0800058a   0x000000de   Code   RO         8123    .text               mf_w.l(ddiv.o)
    0x08000668   0x00000030   Code   RO         8125    .text               mf_w.l(dfixul.o)
    0x08000698   0x00000028   Code   RO         8127    .text               mf_w.l(cdrcmple.o)
    0x080006c0   0x00000024   Code   RO         8129    .text               mc_w.l(init.o)
    0x080006e4   0x0000001e   Code   RO         8131    .text               mc_w.l(llshl.o)
    0x08000702   0x00000020   Code   RO         8133    .text               mc_w.l(llushr.o)
    0x08000722   0x00000024   Code   RO         8135    .text               mc_w.l(llsshr.o)
    0x08000746   0x000000c2   Code   RO         8137    .text               mf_w.l(depilogue.o)
    0x08000808   0x0000005c   Code   RO         8147    .text               mc_w.l(__dczerorl2.o)
    0x08000864   0x0000001c   Code   RO          276    i.App_SSNPTaskCreate  uctsk_ssnp_tbc.o
    0x08000880   0x00000002   Code   RO         5287    i.App_TCBInitHook   os_apphooks.o
    0x08000882   0x00000008   Code   RO            1    i.App_TaskCreate    main.o
    0x0800088a   0x00000002   Code   RO         5288    i.App_TaskCreateHook  os_apphooks.o
    0x0800088c   0x00000002   Code   RO         5290    i.App_TaskIdleHook  os_apphooks.o
    0x0800088e   0x0000001c   Code   RO            2    i.App_TaskStart     main.o
    0x080008aa   0x00000002   Code   RO         5292    i.App_TaskStatHook  os_apphooks.o
    0x080008ac   0x00000002   Code   RO         5293    i.App_TaskSwHook    os_apphooks.o
    0x080008ae   0x00000002   Code   RO         5294    i.App_TimeTickHook  os_apphooks.o
    0x080008b0   0x00000004   Code   RO          129    i.BusFault_Handler  stm32f10x_it.o
    0x080008b4   0x00000002   Code   RO          130    i.DebugMon_Handler  stm32f10x_it.o
    0x080008b6   0x00000012   Code   RO          277    i.Delay             uctsk_ssnp_tbc.o
    0x080008c8   0x0000000c   Code   RO         3718    i.ETH_DMAClearITPendingBit  stm32_eth.o
    0x080008d4   0x00000020   Code   RO         3719    i.ETH_DMAITConfig   stm32_eth.o
    0x080008f4   0x00000024   Code   RO         3722    i.ETH_DMAReceptionCmd  stm32_eth.o
    0x08000918   0x00000054   Code   RO         3723    i.ETH_DMARxDescChainInit  stm32_eth.o
    0x0800096c   0x00000016   Code   RO         3725    i.ETH_DMARxDescReceiveITConfig  stm32_eth.o
    0x08000982   0x00000002   PAD
    0x08000984   0x00000024   Code   RO         3728    i.ETH_DMATransmissionCmd  stm32_eth.o
    0x080009a8   0x00000050   Code   RO         3731    i.ETH_DMATxDescChainInit  stm32_eth.o
    0x080009f8   0x00000016   Code   RO         3740    i.ETH_DeInit        stm32_eth.o
    0x08000a0e   0x0000000e   Code   RO         3741    i.ETH_Delay         stm32_eth.o
    0x08000a1c   0x00000014   Code   RO         3746    i.ETH_FlushTransmitFIFO  stm32_eth.o
    0x08000a30   0x0000000c   Code   RO         6205    i.ETH_GetCurrentTxBuffer  ethernetif.o
    0x08000a3c   0x0000000a   Code   RO         3757    i.ETH_GetDMARxDescFrameLength  stm32_eth.o
    0x08000a46   0x00000002   PAD
    0x08000a48   0x00000048   Code   RO         3772    i.ETH_GetRxPktSize  stm32_eth.o
    0x08000a90   0x00000018   Code   RO         3773    i.ETH_GetSoftwareResetStatus  stm32_eth.o
    0x08000aa8   0x00000044   Code   RO         7314    i.ETH_IRQHandler    ssnp_for_app.o
    0x08000aec   0x0000024c   Code   RO         3780    i.ETH_Init          stm32_eth.o
    0x08000d38   0x00000034   Code   RO         3783    i.ETH_MACAddressConfig  stm32_eth.o
    0x08000d6c   0x00000024   Code   RO         3788    i.ETH_MACReceptionCmd  stm32_eth.o
    0x08000d90   0x00000024   Code   RO         3789    i.ETH_MACTransmissionCmd  stm32_eth.o
    0x08000db4   0x00000060   Code   RO         3800    i.ETH_ReadPHYRegister  stm32_eth.o
    0x08000e14   0x0000009c   Code   RO         6206    i.ETH_RxPkt_ChainMode  ethernetif.o
    0x08000eb0   0x00000014   Code   RO         3811    i.ETH_SoftwareReset  stm32_eth.o
    0x08000ec4   0x00000020   Code   RO         3812    i.ETH_Start         stm32_eth.o
    0x08000ee4   0x000000a4   Code   RO         3813    i.ETH_StructInit    stm32_eth.o
    0x08000f88   0x00000068   Code   RO         6207    i.ETH_TxPkt_ChainMode  ethernetif.o
    0x08000ff0   0x00000060   Code   RO         3815    i.ETH_WritePHYRegister  stm32_eth.o
    0x08001050   0x000000a0   Code   RO         7315    i.Ethernet_Configuration  ssnp_for_app.o
    0x080010f0   0x0000000c   Code   RO          898    i.GPIO_ETH_MediaInterfaceConfig  stm32f10x_gpio.o
    0x080010fc   0x00000112   Code   RO          902    i.GPIO_Init         stm32f10x_gpio.o
    0x0800120e   0x00000002   PAD
    0x08001210   0x00000090   Code   RO          904    i.GPIO_PinRemapConfig  stm32f10x_gpio.o
    0x080012a0   0x00000004   Code   RO          131    i.HardFault_Handler  stm32f10x_it.o
    0x080012a4   0x000000b8   Code   RO         5931    i.InitiateDiscovery  ethbcp.o
    0x0800135c   0x00000004   Code   RO          132    i.MemManage_Handler  stm32f10x_it.o
    0x08001360   0x00000002   Code   RO          133    i.NMI_Handler       stm32f10x_it.o
    0x08001362   0x00000026   Code   RO         7316    i.NVIC_Configuration  ssnp_for_app.o
    0x08001388   0x00000028   Code   RO          278    i.NVIC_Configuration_TIM5  uctsk_ssnp_tbc.o
    0x080013b0   0x00000028   Code   RO         7317    i.NVIC_Configuration_USART2  ssnp_for_app.o
    0x080013d8   0x00000084   Code   RO          683    i.NVIC_Init         misc.o
    0x0800145c   0x00000014   Code   RO          684    i.NVIC_PriorityGroupConfig  misc.o
    0x08001470   0x0000015c   Code   RO         4376    i.OSDebugInit       os_dbg.o
    0x080015cc   0x00000068   Code   RO         4498    i.OSEventNameSet    os_core.o
    0x08001634   0x00000038   Code   RO         4500    i.OSInit            os_core.o
    0x0800166c   0x0000000c   Code   RO         4397    i.OSInitHookBegin   os_cpu_c.o
    0x08001678   0x00000002   Code   RO         4398    i.OSInitHookEnd     os_cpu_c.o
    0x0800167a   0x00000002   PAD
    0x0800167c   0x00000090   Code   RO         4502    i.OSIntExit         os_core.o
    0x0800170c   0x000000a8   Code   RO         4844    i.OSMemCreate       os_mem.o
    0x080017b4   0x00000048   Code   RO         4845    i.OSMemGet          os_mem.o
    0x080017fc   0x00000042   Code   RO         4848    i.OSMemPut          os_mem.o
    0x0800183e   0x00000062   Code   RO         4939    i.OSQAccept         os_q.o
    0x080018a0   0x000000a0   Code   RO         4940    i.OSQCreate         os_q.o
    0x08001940   0x00000110   Code   RO         4941    i.OSQDel            os_q.o
    0x08001a50   0x00000034   Code   RO         4942    i.OSQFlush          os_q.o
    0x08001a84   0x0000012c   Code   RO         4943    i.OSQPend           os_q.o
    0x08001bb0   0x00000078   Code   RO         4945    i.OSQPost           os_q.o
    0x08001c28   0x00000040   Code   RO         4503    i.OSSchedLock       os_core.o
    0x08001c68   0x00000060   Code   RO         4504    i.OSSchedUnlock     os_core.o
    0x08001cc8   0x00000054   Code   RO         5012    i.OSSemCreate       os_sem.o
    0x08001d1c   0x000000e8   Code   RO         5013    i.OSSemDel          os_sem.o
    0x08001e04   0x000000f8   Code   RO         5014    i.OSSemPend         os_sem.o
    0x08001efc   0x0000005e   Code   RO         5016    i.OSSemPost         os_sem.o
    0x08001f5a   0x00000002   PAD
    0x08001f5c   0x00000048   Code   RO         4505    i.OSStart           os_core.o
    0x08001fa4   0x0000004c   Code   RO         4506    i.OSStatInit        os_core.o
    0x08001ff0   0x0000000c   Code   RO         4399    i.OSTCBInitHook     os_cpu_c.o
    0x08001ffc   0x000000a8   Code   RO         5066    i.OSTaskCreate      os_task.o
    0x080020a4   0x000000c0   Code   RO         5067    i.OSTaskCreateExt   os_task.o
    0x08002164   0x0000000c   Code   RO         4400    i.OSTaskCreateHook  os_cpu_c.o
    0x08002170   0x00000008   Code   RO         4402    i.OSTaskIdleHook    os_cpu_c.o
    0x08002178   0x00000084   Code   RO         5071    i.OSTaskNameSet     os_task.o
    0x080021fc   0x00000008   Code   RO         4403    i.OSTaskStatHook    os_cpu_c.o
    0x08002204   0x000000a0   Code   RO         5076    i.OSTaskStkChk      os_task.o
    0x080022a4   0x0000009a   Code   RO         4404    i.OSTaskStkInit     os_cpu_c.o
    0x0800233e   0x00000002   PAD
    0x08002340   0x000000c4   Code   RO         5077    i.OSTaskSuspend     os_task.o
    0x08002404   0x00000008   Code   RO         4405    i.OSTaskSwHook      os_cpu_c.o
    0x0800240c   0x00000080   Code   RO         5161    i.OSTimeDly         os_time.o
    0x0800248c   0x00000084   Code   RO         5162    i.OSTimeDlyHMSM     os_time.o
    0x08002510   0x0000001c   Code   RO         5164    i.OSTimeGet         os_time.o
    0x0800252c   0x000000f4   Code   RO         4507    i.OSTimeTick        os_core.o
    0x08002620   0x00000028   Code   RO         4406    i.OSTimeTickHook    os_cpu_c.o
    0x08002648   0x00000014   Code   RO         5201    i.OSTmrSignal       os_tmr.o
    0x0800265c   0x000000f4   Code   RO         5207    i.OSTmr_Init        os_tmr.o
    0x08002750   0x00000050   Code   RO         5208    i.OSTmr_InitTask    os_tmr.o
    0x080027a0   0x0000006c   Code   RO         5209    i.OSTmr_Link        os_tmr.o
    0x0800280c   0x00000080   Code   RO         5210    i.OSTmr_Task        os_tmr.o
    0x0800288c   0x00000044   Code   RO         5211    i.OSTmr_Unlink      os_tmr.o
    0x080028d0   0x00000064   Code   RO         4409    i.OS_CPU_SysTickInit  os_cpu_c.o
    0x08002934   0x0000009c   Code   RO         4510    i.OS_EventTaskRdy   os_core.o
    0x080029d0   0x00000032   Code   RO         4511    i.OS_EventTaskRemove  os_core.o
    0x08002a02   0x00000050   Code   RO         4512    i.OS_EventTaskRemoveMulti  os_core.o
    0x08002a52   0x00000002   PAD
    0x08002a54   0x00000084   Code   RO         4513    i.OS_EventTaskWait  os_core.o
    0x08002ad8   0x0000001c   Code   RO         4515    i.OS_EventWaitListInit  os_core.o
    0x08002af4   0x00000058   Code   RO         4718    i.OS_FlagInit       os_flag.o
    0x08002b4c   0x00000060   Code   RO         4516    i.OS_InitEventList  os_core.o
    0x08002bac   0x00000054   Code   RO         4517    i.OS_InitMisc       os_core.o
    0x08002c00   0x00000044   Code   RO         4518    i.OS_InitRdyList    os_core.o
    0x08002c44   0x00000080   Code   RO         4519    i.OS_InitTCBList    os_core.o
    0x08002cc4   0x00000050   Code   RO         4520    i.OS_InitTaskIdle   os_core.o
    0x08002d14   0x00000050   Code   RO         4521    i.OS_InitTaskStat   os_core.o
    0x08002d64   0x00000012   Code   RO         4522    i.OS_MemClr         os_core.o
    0x08002d76   0x00000002   PAD
    0x08002d78   0x00000058   Code   RO         4850    i.OS_MemInit        os_mem.o
    0x08002dd0   0x00000050   Code   RO         4949    i.OS_QInit          os_q.o
    0x08002e20   0x00000074   Code   RO         4524    i.OS_Sched          os_core.o
    0x08002e94   0x0000002c   Code   RO         4525    i.OS_SchedNew       os_core.o
    0x08002ec0   0x00000144   Code   RO         4527    i.OS_TCBInit        os_core.o
    0x08003004   0x00000028   Code   RO         4528    i.OS_TaskIdle       os_core.o
    0x0800302c   0x00000088   Code   RO         4529    i.OS_TaskStat       os_core.o
    0x080030b4   0x0000003c   Code   RO         4530    i.OS_TaskStatStkChk  os_core.o
    0x080030f0   0x0000001a   Code   RO         5079    i.OS_TaskStkClr     os_task.o
    0x0800310a   0x00000002   PAD
    0x0800310c   0x00000020   Code   RO         1011    i.RCC_AHBPeriphClockCmd  stm32f10x_rcc.o
    0x0800312c   0x00000020   Code   RO         1012    i.RCC_AHBPeriphResetCmd  stm32f10x_rcc.o
    0x0800314c   0x00000020   Code   RO         1013    i.RCC_APB1PeriphClockCmd  stm32f10x_rcc.o
    0x0800316c   0x00000020   Code   RO         1015    i.RCC_APB2PeriphClockCmd  stm32f10x_rcc.o
    0x0800318c   0x00000190   Code   RO         1023    i.RCC_GetClocksFreq  stm32f10x_rcc.o
    0x0800331c   0x0000003c   Code   RO         1024    i.RCC_GetFlagStatus  stm32f10x_rcc.o
    0x08003358   0x0000000c   Code   RO         1035    i.RCC_MCOConfig     stm32f10x_rcc.o
    0x08003364   0x0000000c   Code   RO         1041    i.RCC_PLL3Cmd       stm32f10x_rcc.o
    0x08003370   0x00000018   Code   RO         1042    i.RCC_PLL3Config    stm32f10x_rcc.o
    0x08003388   0x00000002   Code   RO          134    i.SVC_Handler       stm32f10x_it.o
    0x0800338a   0x00000008   Code   RO         4335    i.SetSysClock       system_stm32f10x.o
    0x08003392   0x00000002   PAD
    0x08003394   0x00000100   Code   RO         4336    i.SetSysClockTo72   system_stm32f10x.o
    0x08003494   0x00000028   Code   RO          135    i.SysTick_Handler   stm32f10x_it.o
    0x080034bc   0x0000006c   Code   RO         4338    i.SystemInit        system_stm32f10x.o
    0x08003528   0x00000068   Code   RO         5932    i.TBC_DLL_init      ethbcp.o
    0x08003590   0x00000020   Code   RO         7547    i.TBC_init          tbc.o
    0x080035b0   0x0000002a   Code   RO         7555    i.TBIM_recongnition  tbc.o
    0x080035da   0x00000002   PAD
    0x080035dc   0x0000001c   Code   RO          279    i.TIM5_IRQHandler   uctsk_ssnp_tbc.o
    0x080035f8   0x00000044   Code   RO          280    i.TIM5_Init         uctsk_ssnp_tbc.o
    0x0800363c   0x00000044   Code   RO          281    i.TIM5_Init_Slot    uctsk_ssnp_tbc.o
    0x08003680   0x00000006   Code   RO         2942    i.TIM_ClearITPendingBit  stm32f10x_tim.o
    0x08003686   0x00000018   Code   RO         2947    i.TIM_Cmd           stm32f10x_tim.o
    0x0800369e   0x00000006   Code   RO         2966    i.TIM_GetCounter    stm32f10x_tim.o
    0x080036a4   0x00000022   Code   RO         2968    i.TIM_GetITStatus   stm32f10x_tim.o
    0x080036c6   0x00000018   Code   RO         2972    i.TIM_ITConfig      stm32f10x_tim.o
    0x080036de   0x00000002   PAD
    0x080036e0   0x000000a4   Code   RO         3018    i.TIM_TimeBaseInit  stm32f10x_tim.o
    0x08003784   0x00000002   Code   RO          136    i.USART1_IRQHandler  stm32f10x_it.o
    0x08003786   0x00000002   PAD
    0x08003788   0x00000148   Code   RO         7318    i.USART2_IRQHandler  ssnp_for_app.o
    0x080038d0   0x00000012   Code   RO         3479    i.USART_ClearFlag   stm32f10x_usart.o
    0x080038e2   0x0000001e   Code   RO         3480    i.USART_ClearITPendingBit  stm32f10x_usart.o
    0x08003900   0x00000018   Code   RO         3483    i.USART_Cmd         stm32f10x_usart.o
    0x08003918   0x000000a0   Code   RO         7319    i.USART_Configuration  ssnp_for_app.o
    0x080039b8   0x0000001a   Code   RO         3486    i.USART_GetFlagStatus  stm32f10x_usart.o
    0x080039d2   0x00000054   Code   RO         3487    i.USART_GetITStatus  stm32f10x_usart.o
    0x08003a26   0x0000004a   Code   RO         3489    i.USART_ITConfig    stm32f10x_usart.o
    0x08003a70   0x000000d8   Code   RO         3490    i.USART_Init        stm32f10x_usart.o
    0x08003b48   0x0000000a   Code   RO         3497    i.USART_ReceiveData  stm32f10x_usart.o
    0x08003b52   0x00000008   Code   RO         3500    i.USART_SendData    stm32f10x_usart.o
    0x08003b5a   0x00000004   Code   RO          137    i.UsageFault_Handler  stm32f10x_it.o
    0x08003b5e   0x00000002   PAD
    0x08003b60   0x00000020   Code   RO         8078    i.__0printf         mc_w.l(printfa.o)
    0x08003b80   0x0000000e   Code   RO         8141    i.__scatterload_copy  mc_w.l(handlers.o)
    0x08003b8e   0x00000002   Code   RO         8142    i.__scatterload_null  mc_w.l(handlers.o)
    0x08003b90   0x0000000e   Code   RO         8143    i.__scatterload_zeroinit  mc_w.l(handlers.o)
    0x08003b9e   0x00000002   PAD
    0x08003ba0   0x00000154   Code   RO         8085    i._fp_digits        mc_w.l(printfa.o)
    0x08003cf4   0x000006d4   Code   RO         8086    i._printf_core      mc_w.l(printfa.o)
    0x080043c8   0x00000026   Code   RO         8087    i._printf_post_padding  mc_w.l(printfa.o)
    0x080043ee   0x0000002e   Code   RO         8088    i._printf_pre_padding  mc_w.l(printfa.o)
    0x0800441c   0x0000005c   Code   RO         7483    i.add_alias_pending  alias_state.o
    0x08004478   0x00000006   Code   RO         5785    i.addr_check        dp.o
    0x0800447e   0x00000006   Code   RO         7730    i.addr_check        sdp.o
    0x08004484   0x0000000a   Code   RO         7166    i.alias_alloc_finish  timer.o
    0x0800448e   0x00000002   PAD
    0x08004490   0x00000024   Code   RO         7167    i.alias_check_timer  timer.o
    0x080044b4   0x000000c8   Code   RO         7484    i.alias_done        alias_state.o
    0x0800457c   0x00000050   Code   RO         7455    i.alloc_alias_map   alias_map.o
    0x080045cc   0x00000108   Code   RO          283    i.app_init          uctsk_ssnp_tbc.o
    0x080046d4   0x00000048   Code   RO         7485    i.clear_unresponsive_alias  alias_state.o
    0x0800471c   0x00000014   Code   RO         7486    i.copy_uuid         alias_state.o
    0x08004730   0x00000148   Code   RO         7556    i.create_TBIM       tbc.o
    0x08004878   0x0000005c   Code   RO          432    i.deQueue           upcomputer.o
    0x080048d4   0x00000030   Code   RO         7456    i.del_alias_map     alias_map.o
    0x08004904   0x00000088   Code   RO          284    i.delayMeasure      uctsk_ssnp_tbc.o
    0x0800498c   0x0000005c   Code   RO         7487    i.delete_alias      alias_state.o
    0x080049e8   0x00000072   Code   RO         5682    i.do_bind           api_msg.o
    0x08004a5a   0x00000064   Code   RO         5683    i.do_connect        api_msg.o
    0x08004abe   0x00000018   Code   RO         5686    i.do_get_alias_alloc_state  api_msg.o
    0x08004ad6   0x0000001e   Code   RO         5687    i.do_newconn        api_msg.o
    0x08004af4   0x00000038   Code   RO         5787    i.dp_bind           dp.o
    0x08004b2c   0x00000038   Code   RO         5788    i.dp_connect        dp.o
    0x08004b64   0x000003e4   Code   RO         5791    i.dp_input          dp.o
    0x08004f48   0x00000018   Code   RO         5792    i.dp_new            dp.o
    0x08004f60   0x00000006   Code   RO         5794    i.dp_recv           dp.o
    0x08004f66   0x00000002   PAD
    0x08004f68   0x00000054   Code   RO          433    i.enQueue           upcomputer.o
    0x08004fbc   0x00000004   Code   RO         5934    i.ethbcp_FCS_check  ethbcp.o
    0x08004fc0   0x000002cc   Code   RO         5935    i.ethbcp_input      ethbcp.o
    0x0800528c   0x0000005c   Code   RO         5936    i.ethbcp_input_check  ethbcp.o
    0x080052e8   0x000000c0   Code   RO         5937    i.ethbcp_output     ethbcp.o
    0x080053a8   0x00000180   Code   RO         7320    i.ethernet_initialize  ssnp_for_app.o
    0x08005528   0x000001bc   Code   RO         5938    i.ethernet_input    ethbcp.o
    0x080056e4   0x00000078   Code   RO         6208    i.ethernetif_init   ethernetif.o
    0x0800575c   0x00000068   Code   RO         6209    i.ethernetif_input  ethernetif.o
    0x080057c4   0x00000020   Code   RO         7488    i.find              alias_state.o
    0x080057e4   0x00000024   Code   RO          285    i.fputc             uctsk_ssnp_tbc.o
    0x08005808   0x0000000c   Code   RO         5939    i.get_alias_alloc_state  ethbcp.o
    0x08005814   0x0000000c   Code   RO         7489    i.get_alias_done_list  alias_state.o
    0x08005820   0x00000034   Code   RO         5940    i.get_done_list     ethbcp.o
    0x08005854   0x0000002c   Code   RO         5522    i.get_tbim          api_lib.o
    0x08005880   0x00000008   Code   RO         7321    i.hardware_init     ssnp_for_app.o
    0x08005888   0x00000006   Code   RO         6296    i.inet_chksum       inet_chksum.o
    0x0800588e   0x00000002   PAD
    0x08005890   0x00000010   Code   RO          435    i.init_queue        upcomputer.o
    0x080058a0   0x00000014   Code   RO          436    i.isQempty          upcomputer.o
    0x080058b4   0x00000028   Code   RO          437    i.isQfull           upcomputer.o
    0x080058dc   0x0000001a   Code   RO         7490    i.is_exist_in_pending_list  alias_state.o
    0x080058f6   0x00000002   PAD
    0x080058f8   0x0000000c   Code   RO         5941    i.is_reflect_reply_ok  ethbcp.o
    0x08005904   0x0000000e   Code   RO         5800    i.isbroadcast       dp.o
    0x08005912   0x0000000e   Code   RO         7229    i.isbroadcast       tp.o
    0x08005920   0x0000000e   Code   RO         7734    i.isbroadcast       sdp.o
    0x0800592e   0x00000002   PAD
    0x08005930   0x00000078   Code   RO         6210    i.low_level_init    ethernetif.o
    0x080059a8   0x00000068   Code   RO         6211    i.low_level_input   ethernetif.o
    0x08005a10   0x00000042   Code   RO         6212    i.low_level_output  ethernetif.o
    0x08005a52   0x00000002   PAD
    0x08005a54   0x0000005c   Code   RO            3    i.main              main.o
    0x08005ab0   0x00000108   Code   RO         6349    i.mem_alloc         mem.o
    0x08005bb8   0x0000005c   Code   RO         6350    i.mem_free          mem.o
    0x08005c14   0x00000068   Code   RO         6351    i.mem_init          mem.o
    0x08005c7c   0x0000010c   Code   RO         6352    i.mem_trim          mem.o
    0x08005d88   0x0000002c   Code   RO         6391    i.memp_alloc        memp.o
    0x08005db4   0x00000034   Code   RO         6392    i.memp_free         memp.o
    0x08005de8   0x00000058   Code   RO         6393    i.memp_init         memp.o
    0x08005e40   0x0000001e   Code   RO         6447    i.netbuf_delete     netbuf.o
    0x08005e5e   0x00000002   PAD
    0x08005e60   0x000000d0   Code   RO         5524    i.netconn_alloc     api_lib.o
    0x08005f30   0x00000038   Code   RO         5525    i.netconn_bind      api_lib.o
    0x08005f68   0x00000038   Code   RO         5526    i.netconn_connect   api_lib.o
    0x08005fa0   0x00000040   Code   RO         5530    i.netconn_new       api_lib.o
    0x08005fe0   0x00000080   Code   RO         6490    i.netif_add         netif.o
    0x08006060   0x00000002   Code   RO         6492    i.netif_init        netif.o
    0x08006062   0x00000002   PAD
    0x08006064   0x0000000c   Code   RO         6495    i.netif_set_default  netif.o
    0x08006070   0x00000190   Code   RO         6538    i.pbuf_alloc        pbuf.o
    0x08006200   0x00000024   Code   RO         6539    i.pbuf_cat          pbuf.o
    0x08006224   0x00000016   Code   RO         6540    i.pbuf_chain        pbuf.o
    0x0800623a   0x0000006c   Code   RO         6546    i.pbuf_free         pbuf.o
    0x080062a6   0x0000006a   Code   RO         6547    i.pbuf_header       pbuf.o
    0x08006310   0x00000064   Code   RO         6548    i.pbuf_realloc      pbuf.o
    0x08006374   0x0000001a   Code   RO         6549    i.pbuf_ref          pbuf.o
    0x0800638e   0x00000002   PAD
    0x08006390   0x0000008c   Code   RO         5690    i.pcb_new           api_msg.o
    0x0800641c   0x00000078   Code   RO         6353    i.plug_holes        mem.o
    0x08006494   0x00000084   Code   RO         7322    i.protocol_init     ssnp_for_app.o
    0x08006518   0x0000001c   Code   RO         6308    i.protocol_stack_init  init.o
    0x08006534   0x00000058   Code   RO         5691    i.recv_dp           api_msg.o
    0x0800658c   0x000000b4   Code   RO         5692    i.recv_sdp          api_msg.o
    0x08006640   0x0000004c   Code   RO         5693    i.recv_tp           api_msg.o
    0x0800668c   0x00000038   Code   RO         7735    i.sdp_bind          sdp.o
    0x080066c4   0x00000038   Code   RO         7736    i.sdp_connect       sdp.o
    0x080066fc   0x00000314   Code   RO         7738    i.sdp_input         sdp.o
    0x08006a10   0x00000018   Code   RO         7739    i.sdp_new           sdp.o
    0x08006a28   0x00000006   Code   RO         7740    i.sdp_recv          sdp.o
    0x08006a2e   0x00000002   PAD
    0x08006a30   0x000000d4   Code   RO         5942    i.send_assign_alias_msg  ethbcp.o
    0x08006b04   0x000000b4   Code   RO         5944    i.send_begin_of_epoch_msg  ethbcp.o
    0x08006bb8   0x00000010   Code   RO         7323    i.send_discovery_msg  ssnp_for_app.o
    0x08006bc8   0x000000ac   Code   RO         5947    i.send_follow_up_msg  ethbcp.o
    0x08006c74   0x000000c8   Code   RO         5948    i.send_reflect_delay_to_tbim  ethbcp.o
    0x08006d3c   0x000000d0   Code   RO         5949    i.send_reflect_msg  ethbcp.o
    0x08006e0c   0x0000003c   Code   RO          439    i.send_sdp_upcomputer  upcomputer.o
    0x08006e48   0x000000a0   Code   RO         5950    i.send_sync_time_msg  ethbcp.o
    0x08006ee8   0x00000030   Code   RO          440    i.send_upcomputer   upcomputer.o
    0x08006f18   0x0000000c   Code   RO         5951    i.set_alias_alloc_done  ethbcp.o
    0x08006f24   0x0000000c   Code   RO         5539    i.set_connection_recvmbox  api_lib.o
    0x08006f30   0x00000024   Code   RO         6213    i.set_mac_address   ethernetif.o
    0x08006f54   0x0000000c   Code   RO         5952    i.set_reflect_reply_unfinished  ethbcp.o
    0x08006f60   0x00000002   Code   RO         5953    i.set_status_word_bad_frame_received  ethbcp.o
    0x08006f62   0x00000002   Code   RO         5801    i.set_status_word_protocol_error  dp.o
    0x08006f64   0x00000002   Code   RO         7745    i.set_status_word_protocol_error  sdp.o
    0x08006f66   0x00000002   PAD
    0x08006f68   0x00000038   Code   RO         6628    i.ssnp_apimsg       ssnp.o
    0x08006fa0   0x00000038   Code   RO         6629    i.ssnp_apimsg_alias_list  ssnp.o
    0x08006fd8   0x00000078   Code   RO         6630    i.ssnp_init         ssnp.o
    0x08007050   0x0000000e   Code   RO         7325    i.ssnp_init_done    ssnp_for_app.o
    0x0800705e   0x00000002   PAD
    0x08007060   0x000000ac   Code   RO         6631    i.ssnp_input        ssnp.o
    0x0800710c   0x00000090   Code   RO         6632    i.ssnp_thread       ssnp.o
    0x0800719c   0x0000008c   Code   RO         6683    i.sys_arch_mbox_fetch  sys_arch.o
    0x08007228   0x00000014   Code   RO         6684    i.sys_arch_mbox_fetch_unblock  sys_arch.o
    0x0800723c   0x0000006c   Code   RO         6685    i.sys_arch_sem_wait  sys_arch.o
    0x080072a8   0x00000024   Code   RO         6686    i.sys_init          sys_arch.o
    0x080072cc   0x00000078   Code   RO         6687    i.sys_mbox_free     sys_arch.o
    0x08007344   0x00000058   Code   RO         6688    i.sys_mbox_new      sys_arch.o
    0x0800739c   0x00000030   Code   RO         6689    i.sys_mbox_post     sys_arch.o
    0x080073cc   0x00000024   Code   RO         6690    i.sys_mbox_trypost  sys_arch.o
    0x080073f0   0x00000010   Code   RO         6691    i.sys_sem_free      sys_arch.o
    0x08007400   0x00000010   Code   RO         6692    i.sys_sem_new       sys_arch.o
    0x08007410   0x0000000c   Code   RO         6693    i.sys_sem_signal    sys_arch.o
    0x0800741c   0x00000084   Code   RO         6694    i.sys_thread_new    sys_arch.o
    0x080074a0   0x00000008   Code   RO         6695    i.sys_time_get      sys_arch.o
    0x080074a8   0x00000098   Code   RO         7169    i.sys_timeout       timer.o
    0x08007540   0x00000014   Code   RO         7170    i.sys_timeouts_init  timer.o
    0x08007554   0x0000008c   Code   RO         7171    i.sys_timeouts_mbox_fetch  timer.o
    0x080075e0   0x00000060   Code   RO         7172    i.sys_untimeout     timer.o
    0x08007640   0x00000010   Code   RO         7326    i.tbc_send_begin_of_epoch_msg  ssnp_for_app.o
    0x08007650   0x00000014   Code   RO         7328    i.tbc_send_follow_up_msg  ssnp_for_app.o
    0x08007664   0x00000018   Code   RO         7329    i.tbc_send_reflect_delay_to_tbim  ssnp_for_app.o
    0x0800767c   0x00000014   Code   RO         7330    i.tbc_send_reflect_msg  ssnp_for_app.o
    0x08007690   0x00000010   Code   RO         7331    i.tbc_send_sync_time_msg  ssnp_for_app.o
    0x080076a0   0x0000001c   Code   RO         7457    i.test              alias_map.o
    0x080076bc   0x00000048   Code   RO         7231    i.tp_bind           tp.o
    0x08007704   0x00000038   Code   RO         7232    i.tp_connect        tp.o
    0x0800773c   0x0000022c   Code   RO         7234    i.tp_input          tp.o
    0x08007968   0x00000018   Code   RO         7235    i.tp_new            tp.o
    0x08007980   0x00000006   Code   RO         7236    i.tp_recv           tp.o
    0x08007986   0x00000002   PAD
    0x08007988   0x00000428   Code   RO          287    i.uctsk_SSNP_TBC_new  uctsk_ssnp_tbc.o
    0x08007db0   0x00000074   Data   RO         4377    .constdata          os_dbg.o
    0x08007e24   0x00000100   Data   RO         4532    .constdata          os_core.o
    0x08007f24   0x00000030   Data   RO         6395    .constdata          memp.o
    0x08007f54   0x00000004   Data   RO         6697    .constdata          sys_arch.o
    0x08007f58   0x00000042   Data   RO         7746    .constdata          sdp.o
    0x08007f9a   0x00000002   PAD
    0x08007f9c   0x00000020   Data   RO         8139    Region$$Table       anon$$obj.o


    Execution Region RW_IRAM1 (Base: 0x20000000, Size: 0x0000fe80, Max: 0x00010000, ABSOLUTE, COMPRESSED[0x00000024])

    Base Addr    Size         Type   Attr      Idx    E Section Name        Object

    0x20000000   0x00000054   Data   RW          289    .data               uctsk_ssnp_tbc.o
    0x20000054   0x00000014   Data   RW         1051    .data               stm32f10x_rcc.o
    0x20000068   0x00000010   Data   RW         3816    .data               stm32_eth.o
    0x20000078   0x00000014   Data   RW         4339    .data               system_stm32f10x.o
    0x2000008c   0x00000002   Data   RW         4410    .data               os_cpu_c.o
    0x2000008e   0x00000002   PAD
    0x20000090   0x00000060   Data   RW         4533    .data               os_core.o
    0x200000f0   0x00000004   Data   RW         5802    .data               dp.o
    0x200000f4   0x00000014   Data   RW         5955    .data               ethbcp.o
    0x20000108   0x0000000c   Data   RW         6215    .data               ethernetif.o
    0x20000114   0x00000010   Data   RW         6355    .data               mem.o
    0x20000124   0x00000009   Data   RW         6496    .data               netif.o
    0x2000012d   0x00000003   PAD
    0x20000130   0x0000000c   Data   RW         6635    .data               ssnp.o
    0x2000013c   0x00000004   Data   RW         6698    .data               sys_arch.o
    0x20000140   0x00000004   Data   RW         7173    .data               timer.o
    0x20000144   0x00000004   Data   RW         7241    .data               tp.o
    0x20000148   0x00000014   Data   RW         7334    .data               ssnp_for_app.o
    0x2000015c   0x00000006   Data   RW         7458    .data               alias_map.o
    0x20000162   0x00000002   PAD
    0x20000164   0x00000008   Data   RW         7491    .data               alias_state.o
    0x2000016c   0x00000004   Data   RW         7747    .data               sdp.o
    0x20000170   0x00000004   Data   RW         8113    .data               mc_w.l(stdout.o)
    0x20000174   0x00000100   Zero   RW            4    .bss                main.o
    0x20000274   0x00000d8c   Zero   RW          288    .bss                uctsk_ssnp_tbc.o
    0x20001000   0x0000002b   Zero   RW          441    .bss                upcomputer.o
    0x2000102b   0x00000001   PAD
    0x2000102c   0x000010d8   Zero   RW         4531    .bss                os_core.o
    0x20002104   0x0000019a   Zero   RW         5954    .bss                ethbcp.o
    0x2000229e   0x00000002   PAD
    0x200022a0   0x00002400   Zero   RW         6214    .bss                ethernetif.o
    0x200046a0   0x0000281c   Zero   RW         6354    .bss                mem.o
    0x20006ebc   0x00003ccb   Zero   RW         6394    .bss                memp.o
    0x2000ab87   0x00000001   PAD
    0x2000ab88   0x00002d7b   Zero   RW         6696    .bss                sys_arch.o
    0x2000d903   0x00000001   PAD
    0x2000d904   0x0000033c   Zero   RW         7333    .bss                ssnp_for_app.o
    0x2000dc40   0x00001a40   Zero   RW         7568    .bss                tbc.o
    0x2000f680   0x00000800   Zero   RW         4369    STACK               startup_stm32f10x_cl.o


==============================================================================

Image component sizes


      Code (inc. data)   RO Data    RW Data    ZI Data      Debug   Object Name

       156         24          0          6          0       2018   alias_map.o
       546         40          0          8          0       6963   alias_state.o
       440        112          0          0          0      10232   api_lib.o
       752         92          0          0          0      10975   api_msg.o
         0          0          0          0          0         32   core_cm3.o
        42          0          0          0          0        316   cpu_a.o
      1160        468          0          4          0      10288   dp.o
      2970       1112          0         20        410     240161   ethbcp.o
       822        142          0         12       9216      10842   ethernetif.o
         6          0          0          0          0        534   inet_chksum.o
        28          0          0          0          0       1849   init.o
       128         20          0          0        256     265494   main.o
       848         86          0         16      10268       4547   mem.o
       184         30         48          0      15563       2717   memp.o
       152         24          0          0          0       1643   misc.o
        30          0          0          0          0       1212   netbuf.o
       142         50          0          9          0       2656   netif.o
        12          0          0          0          0       2669   os_apphooks.o
      2576        416        256         96       4312      24410   os_core.o
       164         32          0          0          0        372   os_cpu_a.o
       356         24          0          2          0      31058   os_cpu_c.o
       348        230        116          0          0       3526   os_dbg.o
        88         14          0          0          0        590   os_flag.o
       394         18          0          0          0       3365   os_mem.o
      1082         54          0          0          0       5963   os_q.o
       658         36          0          0          0       3457   os_sem.o
       874         66          0          0          0       5544   os_task.o
       288         32          0          0          0       1972   os_time.o
       648        132          0          0          0       3875   os_tmr.o
       798         34          0          0          0       5025   pbuf.o
       952        284         66          4          0       7266   sdp.o
       548        158          0         12          0       4256   ssnp.o
      1444        170          0         20        828      10555   ssnp_for_app.o
        36          8        336          0       2048        884   startup_stm32f10x_cl.o
      1584        134          0         16          0      14719   stm32_eth.o
       430         12          0          0          0       3482   stm32f10x_gpio.o
        64          6          0          0          0     321432   stm32f10x_it.o
       636         72          0         20          0       8889   stm32f10x_rcc.o
       258         42          0          0          0       4335   stm32f10x_tim.o
       490          6          0          0          0       7673   stm32f10x_usart.o
       780         90          4          4      11643       9369   sys_arch.o
       372         32          0         20          0       2169   system_stm32f10x.o
       402        120          0          0       6720       6527   tbc.o
       454         24          0          4          0       4284   timer.o
       728        244          0          4          0       5945   tp.o
      1750        556          0         84       3468      16599   uctsk_ssnp_tbc.o
       360         44          0          0         43       7250   upcomputer.o

    ----------------------------------------------------------------------
     28034       5290        860        368      64780    1099939   Object Totals
         0          0         32          0          0          0   (incl. Generated)
        54          0          2          7          5          1   (incl. Padding)

    ----------------------------------------------------------------------

      Code (inc. data)   RO Data    RW Data    ZI Data      Debug   Library Member Name

        92          0          0          0          0          0   __dczerorl2.o
         0          0          0          0          0          0   entry.o
         8          4          0          0          0          0   entry2.o
         4          0          0          0          0          0   entry5.o
         8          4          0          0          0          0   entry7.o
        30          0          0          0          0          0   handlers.o
        36          8          0          0          0         68   init.o
         0          0          0          0          0          0   iusefp.o
        30          0          0          0          0         68   llshl.o
        36          0          0          0          0         68   llsshr.o
        32          0          0          0          0         68   llushr.o
        36          0          0          0          0         68   memcpya.o
        38          0          0          0          0        108   memseta.o
      2204         92          0          0          0        460   printfa.o
         0          0          0          4          0          0   stdout.o
        44          0          0          0          0         80   uidiv.o
       102          0          0          0          0         92   uldiv.o
        40          2          0          0          0         68   cdrcmple.o
       330          0          0          0          0        148   dadd.o
       222          0          0          0          0        100   ddiv.o
       194          0          0          0          0        184   depilogue.o
        48          0          0          0          0         68   dfixul.o
       226          0          0          0          0         96   dmul.o
        44          0          0          0          0         68   f2d.o

    ----------------------------------------------------------------------
      3806        110          0          4          0       1812   Library Totals
         2          0          0          0          0          0   (incl. Padding)

    ----------------------------------------------------------------------

      Code (inc. data)   RO Data    RW Data    ZI Data      Debug   Library Name

      2700        108          0          4          0       1080   mc_w.l
      1104          2          0          0          0        732   mf_w.l

    ----------------------------------------------------------------------
      3806        110          0          4          0       1812   Library Totals

    ----------------------------------------------------------------------

==============================================================================


      Code (inc. data)   RO Data    RW Data    ZI Data      Debug   

     31840       5400        860        372      64780    1085580   Grand Totals
     31840       5400        860         36      64780    1085580   ELF Image Totals (compressed)
     31840       5400        860         36          0          0   ROM Totals

==============================================================================

    Total RO  Size (Code + RO Data)                32700 (  31.93kB)
    Total RW  Size (RW Data + ZI Data)             65152 (  63.63kB)
    Total ROM Size (Code + RO Data + RW Data)      32736 (  31.97kB)

==============================================================================

