<html>
<body>
<pre>
<h1>礦ision Build Log</h1>
<h2>Project:</h2>
E:\tianmn\新建文件夹 (3)\sync_sampling11\sync_sampling11\sync_sampling10ms\sync_sampling12_100us_samp\sync_sampling12ms\TBC\MDK-ARM\Project.uvproj
Project File Date:  05/13/2015

<h2>Output:</h2>
Build target 'ZFWL_V1.0'
compiling uctsk_SSNP_TBC.c...
..\USER\ucCos_App\upcomputer.h(38): warning:  #1-D: last line of file ends without a newline
..\USER\ucCos_App\uctsk_SSNP_TBC.c(483): error:  #20: identifier "startFoactor" is undefined
..\USER\ucCos_App\uctsk_SSNP_TBC.c(229): warning:  #550-D: variable "msg" was set but never used
..\USER\ucCos_App\uctsk_SSNP_TBC.c(232): warning:  #550-D: variable "st" was set but never used
..\USER\ucCos_App\uctsk_SSNP_TBC.c(234): warning:  #177-D: variable "j" was declared but never referenced
..\USER\ucCos_App\uctsk_SSNP_TBC.c(238): warning:  #177-D: variable "time_f" was declared but never referenced
..\USER\ucCos_App\uctsk_SSNP_TBC.c(239): warning:  #177-D: variable "time_n" was declared but never referenced
..\USER\ucCos_App\uctsk_SSNP_TBC.c(240): warning:  #177-D: variable "time" was declared but never referenced
..\USER\ucCos_App\uctsk_SSNP_TBC.c(242): warning:  #550-D: variable "aaaa" was set but never used
..\USER\ucCos_App\uctsk_SSNP_TBC.c(243): warning:  #177-D: variable "bbbb" was declared but never referenced
..\USER\ucCos_App\uctsk_SSNP_TBC.c(244): warning:  #550-D: variable "syn_total_time" was set but never used
..\USER\ucCos_App\uctsk_SSNP_TBC.c(246): warning:  #550-D: variable "index" was set but never used
..\USER\ucCos_App\uctsk_SSNP_TBC.c(248): warning:  #177-D: variable "m" was declared but never referenced
..\USER\ucCos_App\uctsk_SSNP_TBC.c(252): warning:  #550-D: variable "item" was set but never used
..\USER\ucCos_App\uctsk_SSNP_TBC.c(259): warning:  #177-D: variable "test_alias" was declared but never referenced
..\USER\ucCos_App\uctsk_SSNP_TBC.c(260): warning:  #177-D: variable "readData" was declared but never referenced
..\USER\ucCos_App\uctsk_SSNP_TBC.c(261): warning:  #177-D: variable "samp" was declared but never referenced
..\USER\ucCos_App\uctsk_SSNP_TBC.c(263): warning:  #550-D: variable "test_time_index" was set but never used
..\USER\ucCos_App\uctsk_SSNP_TBC.c(264): warning:  #177-D: variable "t_i" was declared but never referenced
..\USER\ucCos_App\uctsk_SSNP_TBC.c(265): warning:  #550-D: variable "is_test" was set but never used
..\USER\ucCos_App\uctsk_SSNP_TBC.c(266): warning:  #550-D: variable "cmdnum" was set but never used
..\USER\ucCos_App\uctsk_SSNP_TBC.c(267): warning:  #550-D: variable "upcomputer_cmd" was set but never used
..\USER\ucCos_App\uctsk_SSNP_TBC.c(269): warning:  #177-D: variable "temp_len" was declared but never referenced
..\USER\ucCos_App\uctsk_SSNP_TBC.c(272): warning:  #177-D: variable "averageTime" was declared but never referenced
..\USER\ucCos_App\uctsk_SSNP_TBC.c(273): warning:  #177-D: variable "data" was declared but never referenced
..\USER\ucCos_App\uctsk_SSNP_TBC.c(275): warning:  #177-D: variable "dTime" was declared but never referenced
..\USER\ucCos_App\uctsk_SSNP_TBC.c(55): warning:  #177-D: function "uctsk_SSNP_TBC" was declared but never referenced
..\USER\ucCos_App\uctsk_SSNP_TBC.c(100): warning:  #177-D: function "TIM5_delay_us" was declared but never referenced
Target not created
Build target 'ZFWL_V1.0'
compiling uctsk_SSNP_TBC.c...
..\USER\ucCos_App\upcomputer.h(38): warning:  #1-D: last line of file ends without a newline
..\USER\ucCos_App\uctsk_SSNP_TBC.c(229): warning:  #550-D: variable "msg" was set but never used
..\USER\ucCos_App\uctsk_SSNP_TBC.c(232): warning:  #550-D: variable "st" was set but never used
..\USER\ucCos_App\uctsk_SSNP_TBC.c(234): warning:  #177-D: variable "j" was declared but never referenced
..\USER\ucCos_App\uctsk_SSNP_TBC.c(238): warning:  #177-D: variable "time_f" was declared but never referenced
..\USER\ucCos_App\uctsk_SSNP_TBC.c(239): warning:  #177-D: variable "time_n" was declared but never referenced
..\USER\ucCos_App\uctsk_SSNP_TBC.c(240): warning:  #177-D: variable "time" was declared but never referenced
..\USER\ucCos_App\uctsk_SSNP_TBC.c(242): warning:  #550-D: variable "aaaa" was set but never used
..\USER\ucCos_App\uctsk_SSNP_TBC.c(243): warning:  #177-D: variable "bbbb" was declared but never referenced
..\USER\ucCos_App\uctsk_SSNP_TBC.c(244): warning:  #550-D: variable "syn_total_time" was set but never used
..\USER\ucCos_App\uctsk_SSNP_TBC.c(246): warning:  #550-D: variable "index" was set but never used
..\USER\ucCos_App\uctsk_SSNP_TBC.c(248): warning:  #177-D: variable "m" was declared but never referenced
..\USER\ucCos_App\uctsk_SSNP_TBC.c(252): warning:  #550-D: variable "item" was set but never used
..\USER\ucCos_App\uctsk_SSNP_TBC.c(259): warning:  #177-D: variable "test_alias" was declared but never referenced
..\USER\ucCos_App\uctsk_SSNP_TBC.c(260): warning:  #177-D: variable "readData" was declared but never referenced
..\USER\ucCos_App\uctsk_SSNP_TBC.c(261): warning:  #177-D: variable "samp" was declared but never referenced
..\USER\ucCos_App\uctsk_SSNP_TBC.c(263): warning:  #550-D: variable "test_time_index" was set but never used
..\USER\ucCos_App\uctsk_SSNP_TBC.c(264): warning:  #177-D: variable "t_i" was declared but never referenced
..\USER\ucCos_App\uctsk_SSNP_TBC.c(265): warning:  #550-D: variable "is_test" was set but never used
..\USER\ucCos_App\uctsk_SSNP_TBC.c(266): warning:  #550-D: variable "cmdnum" was set but never used
..\USER\ucCos_App\uctsk_SSNP_TBC.c(267): warning:  #550-D: variable "upcomputer_cmd" was set but never used
..\USER\ucCos_App\uctsk_SSNP_TBC.c(269): warning:  #177-D: variable "temp_len" was declared but never referenced
..\USER\ucCos_App\uctsk_SSNP_TBC.c(272): warning:  #177-D: variable "averageTime" was declared but never referenced
..\USER\ucCos_App\uctsk_SSNP_TBC.c(273): warning:  #177-D: variable "data" was declared but never referenced
..\USER\ucCos_App\uctsk_SSNP_TBC.c(275): warning:  #177-D: variable "dTime" was declared but never referenced
..\USER\ucCos_App\uctsk_SSNP_TBC.c(55): warning:  #177-D: function "uctsk_SSNP_TBC" was declared but never referenced
..\USER\ucCos_App\uctsk_SSNP_TBC.c(100): warning:  #177-D: function "TIM5_delay_us" was declared but never referenced
linking...
Program Size: Code=31820 RO-data=860 RW-data=372 ZI-data=64780  
FromELF: creating hex file...
".\Obj\Project.axf" - 0 Error(s), 27 Warning(s).
Build target 'ZFWL_V1.0'
compiling uctsk_SSNP_TBC.c...
..\USER\ucCos_App\upcomputer.h(38): warning:  #1-D: last line of file ends without a newline
..\USER\ucCos_App\uctsk_SSNP_TBC.c(229): warning:  #550-D: variable "msg" was set but never used
..\USER\ucCos_App\uctsk_SSNP_TBC.c(232): warning:  #550-D: variable "st" was set but never used
..\USER\ucCos_App\uctsk_SSNP_TBC.c(234): warning:  #177-D: variable "j" was declared but never referenced
..\USER\ucCos_App\uctsk_SSNP_TBC.c(238): warning:  #177-D: variable "time_f" was declared but never referenced
..\USER\ucCos_App\uctsk_SSNP_TBC.c(239): warning:  #177-D: variable "time_n" was declared but never referenced
..\USER\ucCos_App\uctsk_SSNP_TBC.c(240): warning:  #177-D: variable "time" was declared but never referenced
..\USER\ucCos_App\uctsk_SSNP_TBC.c(242): warning:  #550-D: variable "aaaa" was set but never used
..\USER\ucCos_App\uctsk_SSNP_TBC.c(243): warning:  #177-D: variable "bbbb" was declared but never referenced
..\USER\ucCos_App\uctsk_SSNP_TBC.c(244): warning:  #550-D: variable "syn_total_time" was set but never used
..\USER\ucCos_App\uctsk_SSNP_TBC.c(246): warning:  #550-D: variable "index" was set but never used
..\USER\ucCos_App\uctsk_SSNP_TBC.c(248): warning:  #177-D: variable "m" was declared but never referenced
..\USER\ucCos_App\uctsk_SSNP_TBC.c(252): warning:  #550-D: variable "item" was set but never used
..\USER\ucCos_App\uctsk_SSNP_TBC.c(259): warning:  #177-D: variable "test_alias" was declared but never referenced
..\USER\ucCos_App\uctsk_SSNP_TBC.c(260): warning:  #177-D: variable "readData" was declared but never referenced
..\USER\ucCos_App\uctsk_SSNP_TBC.c(261): warning:  #177-D: variable "samp" was declared but never referenced
..\USER\ucCos_App\uctsk_SSNP_TBC.c(263): warning:  #550-D: variable "test_time_index" was set but never used
..\USER\ucCos_App\uctsk_SSNP_TBC.c(264): warning:  #177-D: variable "t_i" was declared but never referenced
..\USER\ucCos_App\uctsk_SSNP_TBC.c(265): warning:  #550-D: variable "is_test" was set but never used
..\USER\ucCos_App\uctsk_SSNP_TBC.c(266): warning:  #550-D: variable "cmdnum" was set but never used
..\USER\ucCos_App\uctsk_SSNP_TBC.c(267): warning:  #550-D: variable "upcomputer_cmd" was set but never used
..\USER\ucCos_App\uctsk_SSNP_TBC.c(269): warning:  #177-D: variable "temp_len" was declared but never referenced
..\USER\ucCos_App\uctsk_SSNP_TBC.c(272): warning:  #177-D: variable "averageTime" was declared but never referenced
..\USER\ucCos_App\uctsk_SSNP_TBC.c(273): warning:  #177-D: variable "data" was declared but never referenced
..\USER\ucCos_App\uctsk_SSNP_TBC.c(275): warning:  #177-D: variable "dTime" was declared but never referenced
..\USER\ucCos_App\uctsk_SSNP_TBC.c(55): warning:  #177-D: function "uctsk_SSNP_TBC" was declared but never referenced
..\USER\ucCos_App\uctsk_SSNP_TBC.c(100): warning:  #177-D: function "TIM5_delay_us" was declared but never referenced
linking...
Program Size: Code=31844 RO-data=860 RW-data=372 ZI-data=64780  
FromELF: creating hex file...
".\Obj\Project.axf" - 0 Error(s), 27 Warning(s).
Load "E:\\tianmn\\新建文件夹 (3)\\sync_sampling11\\sync_sampling11\\sync_sampling10ms\\sync_sampling12_100us_samp\\sync_sampling12ms\\TBC\\MDK-ARM\\Obj\\Project.AXF" 
Set JLink Project File to "E:\tianmn\新建文件夹 (3)\sync_sampling11\sync_sampling11\sync_sampling10ms\sync_sampling12_100us_samp\sync_sampling12ms\TBC\MDK-ARM\JLinkSettings.ini"
 
JLink info:
------------
DLL: V4.20p, compiled Nov 19 2010 15:55:07
Firmware: J-Link ARM V8 compiled Nov 19 2010 11:55:23
Hardware: V8.00
S/N : 270676280 
Feature(s) : RDI,FlashDL,FlashBP,JFlash,GDBFULL 
 
* JLink Info: TotalIRLen = 9, IRPrint = 0x0011
* JLink Info: Found Cortex-M3 r1p1, Little endian.
* JLink Info: TPIU fitted.
* JLink Info: ETM fitted.
* JLink Info:   FPUnit: 6 code (BP) slots and 2 literal slots
ROMTableAddr = 0xE00FF003
 
Target info:
------------
Device: STM32F107VC
VTarget = 3.280V
State of Pins: 
TCK: 1, TDI: 0, TDO: 1, TMS: 0, TRES: 1, TRST: 1
Hardware-Breakpoints: 6
Software-Breakpoints: 2048
Watchpoints:          4
JTAG speed: 2000 kHz
 
Erase Done.
Programming Done.
Verify OK.
Load "E:\\tianmn\\新建文件夹 (3)\\sync_sampling11\\sync_sampling11\\sync_sampling10ms\\sync_sampling12_100us_samp\\sync_sampling12ms\\TBC\\MDK-ARM\\Obj\\Project.AXF" 
Set JLink Project File to "E:\tianmn\新建文件夹 (3)\sync_sampling11\sync_sampling11\sync_sampling10ms\sync_sampling12_100us_samp\sync_sampling12ms\TBC\MDK-ARM\JLinkSettings.ini"
 
JLink info:
------------
DLL: V4.20p, compiled Nov 19 2010 15:55:07
Firmware: J-Link ARM V8 compiled Nov 19 2010 11:55:23
Hardware: V8.00
S/N : 270676280 
Feature(s) : RDI,FlashDL,FlashBP,JFlash,GDBFULL 
 
* JLink Info: TotalIRLen = 9, IRPrint = 0x0011
* JLink Info: Found Cortex-M3 r1p1, Little endian.
* JLink Info: TPIU fitted.
* JLink Info: ETM fitted.
* JLink Info:   FPUnit: 6 code (BP) slots and 2 literal slots
ROMTableAddr = 0xE00FF003
 
Target info:
------------
Device: STM32F107VC
VTarget = 3.280V
State of Pins: 
TCK: 1, TDI: 0, TDO: 1, TMS: 0, TRES: 1, TRST: 1
Hardware-Breakpoints: 6
Software-Breakpoints: 2048
Watchpoints:          4
JTAG speed: 2000 kHz
 
Erase Done.
Programming Done.
Verify OK.
Build target 'ZFWL_V1.0'
compiling uctsk_SSNP_TBC.c...
..\USER\ucCos_App\upcomputer.h(38): warning:  #1-D: last line of file ends without a newline
..\USER\ucCos_App\uctsk_SSNP_TBC.c(229): warning:  #550-D: variable "msg" was set but never used
..\USER\ucCos_App\uctsk_SSNP_TBC.c(232): warning:  #550-D: variable "st" was set but never used
..\USER\ucCos_App\uctsk_SSNP_TBC.c(234): warning:  #177-D: variable "j" was declared but never referenced
..\USER\ucCos_App\uctsk_SSNP_TBC.c(238): warning:  #177-D: variable "time_f" was declared but never referenced
..\USER\ucCos_App\uctsk_SSNP_TBC.c(239): warning:  #177-D: variable "time_n" was declared but never referenced
..\USER\ucCos_App\uctsk_SSNP_TBC.c(240): warning:  #177-D: variable "time" was declared but never referenced
..\USER\ucCos_App\uctsk_SSNP_TBC.c(242): warning:  #550-D: variable "aaaa" was set but never used
..\USER\ucCos_App\uctsk_SSNP_TBC.c(243): warning:  #177-D: variable "bbbb" was declared but never referenced
..\USER\ucCos_App\uctsk_SSNP_TBC.c(244): warning:  #550-D: variable "syn_total_time" was set but never used
..\USER\ucCos_App\uctsk_SSNP_TBC.c(246): warning:  #550-D: variable "index" was set but never used
..\USER\ucCos_App\uctsk_SSNP_TBC.c(248): warning:  #177-D: variable "m" was declared but never referenced
..\USER\ucCos_App\uctsk_SSNP_TBC.c(252): warning:  #550-D: variable "item" was set but never used
..\USER\ucCos_App\uctsk_SSNP_TBC.c(259): warning:  #177-D: variable "test_alias" was declared but never referenced
..\USER\ucCos_App\uctsk_SSNP_TBC.c(260): warning:  #177-D: variable "readData" was declared but never referenced
..\USER\ucCos_App\uctsk_SSNP_TBC.c(261): warning:  #177-D: variable "samp" was declared but never referenced
..\USER\ucCos_App\uctsk_SSNP_TBC.c(263): warning:  #550-D: variable "test_time_index" was set but never used
..\USER\ucCos_App\uctsk_SSNP_TBC.c(264): warning:  #177-D: variable "t_i" was declared but never referenced
..\USER\ucCos_App\uctsk_SSNP_TBC.c(265): warning:  #550-D: variable "is_test" was set but never used
..\USER\ucCos_App\uctsk_SSNP_TBC.c(266): warning:  #550-D: variable "cmdnum" was set but never used
..\USER\ucCos_App\uctsk_SSNP_TBC.c(267): warning:  #550-D: variable "upcomputer_cmd" was set but never used
..\USER\ucCos_App\uctsk_SSNP_TBC.c(269): warning:  #177-D: variable "temp_len" was declared but never referenced
..\USER\ucCos_App\uctsk_SSNP_TBC.c(272): warning:  #177-D: variable "averageTime" was declared but never referenced
..\USER\ucCos_App\uctsk_SSNP_TBC.c(273): warning:  #177-D: variable "data" was declared but never referenced
..\USER\ucCos_App\uctsk_SSNP_TBC.c(275): warning:  #177-D: variable "dTime" was declared but never referenced
..\USER\ucCos_App\uctsk_SSNP_TBC.c(55): warning:  #177-D: function "uctsk_SSNP_TBC" was declared but never referenced
..\USER\ucCos_App\uctsk_SSNP_TBC.c(100): warning:  #177-D: function "TIM5_delay_us" was declared but never referenced
linking...
Program Size: Code=31840 RO-data=860 RW-data=372 ZI-data=64780  
FromELF: creating hex file...
".\Obj\Project.axf" - 0 Error(s), 27 Warning(s).
Load "E:\\tianmn\\新建文件夹 (3)\\sync_sampling11\\sync_sampling11\\sync_sampling10ms\\sync_sampling12_100us_samp\\sync_sampling12ms\\TBC\\MDK-ARM\\Obj\\Project.AXF" 
Set JLink Project File to "E:\tianmn\新建文件夹 (3)\sync_sampling11\sync_sampling11\sync_sampling10ms\sync_sampling12_100us_samp\sync_sampling12ms\TBC\MDK-ARM\JLinkSettings.ini"
 
JLink info:
------------
DLL: V4.20p, compiled Nov 19 2010 15:55:07
Firmware: J-Link ARM V8 compiled Nov 19 2010 11:55:23
Hardware: V8.00
S/N : 270676280 
Feature(s) : RDI,FlashDL,FlashBP,JFlash,GDBFULL 
 
* JLink Info: TotalIRLen = 9, IRPrint = 0x0011
* JLink Info: Found Cortex-M3 r1p1, Little endian.
* JLink Info: TPIU fitted.
* JLink Info: ETM fitted.
* JLink Info:   FPUnit: 6 code (BP) slots and 2 literal slots
ROMTableAddr = 0xE00FF003
 
Target info:
------------
Device: STM32F107VC
VTarget = 3.280V
State of Pins: 
TCK: 1, TDI: 0, TDO: 1, TMS: 0, TRES: 1, TRST: 1
Hardware-Breakpoints: 6
Software-Breakpoints: 2048
Watchpoints:          0
JTAG speed: 2000 kHz
 
Erase Done.
Programming Done.
Verify OK.
