<html>
<body>
<pre>
<h1>礦ision Build Log</h1>
<h2>Project:</h2>
C:\Users\tianmn\Desktop\新建文件夹 (3)\sync_sampling10ms\sync_sampling10ms\TBC\MDK-ARM\Project.uvproj
Project File Date:  05/06/2015

<h2>Output:</h2>
Build target 'ZFWL_V1.0'
compiling uctsk_SSNP_TBC.c...
..\USER\ucCos_App\upcomputer.h(38): warning:  #1-D: last line of file ends without a newline
  #endif 
..\USER\ucCos_App\uctsk_SSNP_TBC.c(65): warning:  #186-D: pointless comparison of unsigned integer with zero
                for(k=i;k>=0;k--)
..\USER\ucCos_App\uctsk_SSNP_TBC.c(87): warning:  #177-D: variable "std" was declared but never referenced
        double std;
..\USER\ucCos_App\uctsk_SSNP_TBC.c(257): warning:  #550-D: variable "msg" was set but never used
        struct tbc_msg *msg;
..\USER\ucCos_App\uctsk_SSNP_TBC.c(260): warning:  #550-D: variable "st" was set but never used
        state st;
..\USER\ucCos_App\uctsk_SSNP_TBC.c(262): warning:  #177-D: variable "j" was declared but never referenced
        int j;
..\USER\ucCos_App\uctsk_SSNP_TBC.c(265): warning:  #177-D: variable "delay_time" was declared but never referenced
        u16t delay_time[20];
..\USER\ucCos_App\uctsk_SSNP_TBC.c(266): warning:  #177-D: variable "time_f" was declared but never referenced
        u16t time_f;
..\USER\ucCos_App\uctsk_SSNP_TBC.c(267): warning:  #177-D: variable "time_n" was declared but never referenced
        u16t time_n;
..\USER\ucCos_App\uctsk_SSNP_TBC.c(268): warning:  #177-D: variable "time" was declared but never referenced
        u32t time;
..\USER\ucCos_App\uctsk_SSNP_TBC.c(270): warning:  #550-D: variable "aaaa" was set but never used
        u16t aaaa;
..\USER\ucCos_App\uctsk_SSNP_TBC.c(271): warning:  #177-D: variable "bbbb" was declared but never referenced
        u16t bbbb;
..\USER\ucCos_App\uctsk_SSNP_TBC.c(272): warning:  #550-D: variable "syn_total_time" was set but never used
        u32t syn_total_time;
..\USER\ucCos_App\uctsk_SSNP_TBC.c(273): warning:  #177-D: variable "mem_recv_time" was declared but never referenced
        u16t mem_recv_time[100];
..\USER\ucCos_App\uctsk_SSNP_TBC.c(274): warning:  #550-D: variable "index" was set but never used
        u16t index;
..\USER\ucCos_App\uctsk_SSNP_TBC.c(275): warning:  #177-D: variable "m" was declared but never referenced
        u8t m;
..\USER\ucCos_App\uctsk_SSNP_TBC.c(281): warning:  #177-D: variable "array" was declared but never referenced
        uint8_t array[200];
..\USER\ucCos_App\uctsk_SSNP_TBC.c(284): warning:  #177-D: variable "test_alias" was declared but never referenced
     u8t test_alias;
..\USER\ucCos_App\uctsk_SSNP_TBC.c(286): warning:  #550-D: variable "test_time_index" was set but never used
     u16t test_time_index;
..\USER\ucCos_App\uctsk_SSNP_TBC.c(287): warning:  #177-D: variable "t_i" was declared but never referenced
     u16t t_i; 
..\USER\ucCos_App\uctsk_SSNP_TBC.c(288): warning:  #550-D: variable "is_test" was set but never used
     u8t is_test;
..\USER\ucCos_App\uctsk_SSNP_TBC.c(289): warning:  #550-D: variable "cmdnum" was set but never used
     u8t cmdnum;
..\USER\ucCos_App\uctsk_SSNP_TBC.c(290): warning:  #550-D: variable "upcomputer_cmd" was set but never used
     u16* upcomputer_cmd;
..\USER\ucCos_App\uctsk_SSNP_TBC.c(292): warning:  #177-D: variable "temp_len" was declared but never referenced
     u8 temp_len = 12;
..\USER\ucCos_App\uctsk_SSNP_TBC.c(295): warning:  #177-D: variable "averageTime" was declared but never referenced
        u32t averageTime;
..\USER\ucCos_App\uctsk_SSNP_TBC.c(296): warning:  #177-D: variable "data" was declared but never referenced
        u32t* data;
..\USER\ucCos_App\uctsk_SSNP_TBC.c(298): warning:  #177-D: variable "dTime" was declared but never referenced
                unsigned int dTime;
..\USER\ucCos_App\uctsk_SSNP_TBC.c(52): warning:  #177-D: function "average_time" was declared but never referenced
  static u32t average_time(u16t arr[],u8t n)
..\USER\ucCos_App\uctsk_SSNP_TBC.c(82): warning:  #177-D: function "avertime_new" was declared but never referenced
  static unsigned int avertime_new(u8t alias,unsigned int arr[],u8t n)
..\USER\ucCos_App\uctsk_SSNP_TBC.c(133): warning:  #177-D: function "uctsk_SSNP_TBC" was declared but never referenced
  static void uctsk_SSNP_TBC(void* pdata); 
..\USER\ucCos_App\uctsk_SSNP_TBC.c(178): warning:  #177-D: function "TIM5_delay_us" was declared but never referenced
  static void TIM5_delay_us(u16t us)
..\USER\ucCos_App\uctsk_SSNP_TBC.c: 31 warnings, 0 errors
linking...
Program Size: Code=34128 RO-data=860 RW-data=348 ZI-data=62372  
FromELF: creating hex file...
".\Obj\Project.axf" - 0 Error(s), 31 Warning(s).
</pre>
</body>
</html>
5): warning:  #177-D: variable "test" was declared but never referenced
        u8t* test;
..\USER\ssnp\dp.c(550): warning:  #69-D: integer conversion resulted in truncation
        protocol_id=PROTO_DGP;
..\USER\ssnp\dp.c(514): warning:  #177-D: variable "test" was declared but never referenced
        u8t* test;
..\USER\ssnp\dp.c: 4 warnings, 0 errors
compiling ethbcp.c...
..\USER\ssnp\ethbcp.c(112): warning:  #550-D: variable "inti" was set but never used
        u8t* inti;
..\USER\ssnp\ethbcp.c(241): warning:  #177-D: variable "syn" was declared but never referenced
        u16t* syn;
..\USER\ssnp\ethbcp.c(242): warning:  #177-D: variable "asyn" was declared but never referenced
        u16t* asyn;
..\USER\ssnp\ethbcp.c(338): warning:  #177-D: variable "cur_time" was declared but never referenced
        unsigned int cur_time = 0;      
..\USER\ssnp\ethbcp.c(388): warning:  #177-D: variable "i" was declared but never referenced
        u8t i;
..\USER\ssnp\ethbcp.c(789): warning:  #177-D: variable "std" was declared but never referenced
        double std;
..\USER\ssnp\ethbcp.c(842): warning:  #550-D: variable "bcp" was set but never used
        struct ethbcp_hdr* bcp;
..\USER\ssnp\ethbcp.c(843): warning:  #177-D: variable "assign_alias_msg" was declared but never referenced
        struct ass_alias_msg* assign_alias_msg;
..\USER\ssnp\ethbcp.c(844): warning:  #177-D: variable "define_epoch_msg" was declared but never referenced
        struct def_epoch_msg* define_epoch_msg;
..\USER\ssnp\ethbcp.c(849): warning:  #177-D: variable "i" was declared but never referenced
        u8t i;
..\USER\ssnp\ethbcp.c(850): warning:  #177-D: variable "begin_timeslot" was declared but never referenced
        u16t *begin_timeslot;
..\USER\ssnp\ethbcp.c: 11 warnings, 0 errors
compiling ethernetif.c...
compiling init.c...
compiling memp.c...
compiling netif.c...
compiling ssnp.c...
compiling timer.c...
compiling tp.c...
..\USER\ssnp\tp.c(11): warning:  #177-D: function "set_status_word_protocol_error" was declared but never referenced
  static void set_status_word_protocol_error()
..\USER\ssnp\tp.c: 1 warning, 0 errors
compiling ssnp_for_app.c...
..\USER\ucCos_App\upcomputer.h(38): warning:  #1-D: last line of file ends without a newline
  #endif 
..\USER\ssnp\ssnp_for_app.c: 1 warning, 0 errors
compiling TBC.c...
..\USER\ucCos_App\upcomputer.h(38): warning:  #1-D: last line of file ends without a newline
  #endif 
..\USER\ssnp\TBC.c(194): warning:  #940-D: missing return statement at end of non-void function "TBC_send_upcomputer_cmd"
  }
..\USER\ssnp\TBC.c(209): warning:  #177-D: function "get_TBIM_struct" was declared but never referenced
  static err_t get_TBIM_struct(struct tbim *t)
..\USER\ssnp\TBC.c(244): warning:  #177-D: function "get_TBIM_meta_TEDS" was declared but never referenced
  static err_t get_TBIM_meta_TEDS(struct tbim *t)
..\USER\ssnp\TBC.c(302): warning:  #177-D: function "get_TBIM_tdcn_TEDS" was declared but never referenced
  static err_t get_TBIM_tdcn_TEDS(struct tbim *t)
..\USER\ssnp\TBC.c: 5 warnings, 0 errors
compiling sdp.c...
..\USER\ssnp\sdp.c(65): warning:  #177-D: variable "netif" was declared but never referenced
        struct netif* netif;
..\USER\ssnp\sdp.c(476): warning:  #69-D: integer conversion resulted in truncation
        protocol_id=PROTO_DGP;
..\USER\ssnp\sdp.c(542): warning:  #1-D: last line of file ends without a newline
  }
..\USER\ssnp\sdp.c(38): warning:  #177-D: function "checksum" was declared but never referenced
  static u16t checksum(void* dataptr,u16t len)
..\USER\ssnp\sdp.c(44): warning:  #177-D: function "dp_frag_output" was declared but never referenced
  static err_t dp_frag_output(struct pbuf* p,struct sdp_addr* src,struct sdp_addr* dst,struct netif* netif)
..\USER\ssnp\sdp.c: 5 warnings, 0 errors
linking...
Program Size: Code=33980 RO-data=860 RW-data=344 ZI-data=64872  
FromELF: creating hex file...
".\Obj\Project.axf" - 0 Error(s), 58 Warning(s).
