<html>
<body>
<pre>
<h1>礦ision Build Log</h1>
<h2>Project:</h2>
F:\毕设演示\同步采样实验\同步采样\TBIM\TBIM\MDK-ARM\Project.uvproj
Project File Date:  05/14/2015

<h2>Output:</h2>
Build target 'ZFWL_V1.0'
linking...
Program Size: Code=30490 RO-data=746 RW-data=484 ZI-data=64444  
FromELF: creating hex file...
".\Obj\Project.axf" - 0 Error(s), 0 Warning(s).
Load "F:\\毕设演示\\同步采样实验\\同步采样\\TBIM\\TBIM\\MDK-ARM\\Obj\\Project.AXF" 
Set JLink Project File to "F:\毕设演示\同步采样实验\同步采样\TBIM\TBIM\MDK-ARM\JLinkSettings.ini"
 
JLink info:
------------
DLL: V4.20p, compiled Nov 19 2010 15:55:07
Firmware: J-Link ARM V8 compiled Nov 25 2013 19:20:08
Hardware: V8.00
S/N : 270676280 
Feature(s) : RDI,FlashDL,FlashBP,JFlash,GDBFULL 
 
* JLink Info: TotalIRLen = 9, IRPrint = 0x0011
* JLink Info: Found Cortex-M3 r1p1, Little endian.
* JLink Info: TPIU fitted.
* JLink Info: ETM fitted.
* JLink Info:   FPUnit: 6 code (BP) slots and 2 literal slots
ROMTableAddr = 0xE00FF003
 
Target info:
------------
Device: STM32F107VC
VTarget = 2.025V
State of Pins: 
TCK: 1, TDI: 0, TDO: 1, TMS: 0, TRES: 1, TRST: 1
Hardware-Breakpoints: 6
Software-Breakpoints: 2048
Watchpoints:          0
JTAG speed: 2000 kHz
 
Erase Done.
Programming Done.
Verify OK.
