<html>
<body>
<pre>
<h1>礦ision Build Log</h1>
<h2>Project:</h2>
C:\Users\tianmn\Desktop\新建文件夹 (3)\sync_sampling10ms\sync_sampling10ms\TBIM\TBIM\MDK-ARM\Project.uvproj
Project File Date:  04/22/2015

<h2>Output:</h2>
Build target 'ZFWL_V1.0'
compiling uctsk_SSNP_TBIM.c...
..\USER\ssnp/TBIM.h(47): warning:  #1295-D: Deprecated declaration test_schedul_table - give arg types
  void test_schedul_table(); //测试用
..\USER\ucCos_App\uctsk_SSNP_TBIM.c(443): warning:  #223-D: function "get_TBIM_Chn_num" declared implicitly
        Chn_num=get_TBIM_Chn_num();
..\USER\ucCos_App\uctsk_SSNP_TBIM.c(409): warning:  #550-D: variable "data" was set but never used
        void* data;
..\USER\ucCos_App\uctsk_SSNP_TBIM.c(410): warning:  #177-D: variable "syn_itv" was declared but never referenced
        u16t syn_itv;
..\USER\ucCos_App\uctsk_SSNP_TBIM.c(411): warning:  #177-D: variable "asyn_itv" was declared but never referenced
        u16t asyn_itv;
..\USER\ucCos_App\uctsk_SSNP_TBIM.c(412): warning:  #177-D: variable "begin_timeslot" was declared but never referenced
        u16t begin_timeslot;
..\USER\ucCos_App\uctsk_SSNP_TBIM.c(414): warning:  #177-D: variable "i" was declared but never referenced
        u16t i;
..\USER\ucCos_App\uctsk_SSNP_TBIM.c(415): warning:  #177-D: variable "j" was declared but never referenced
        u8t j;
..\USER\ucCos_App\uctsk_SSNP_TBIM.c(416): warning:  #550-D: variable "st" was set but never used
        state st;
..\USER\ucCos_App\uctsk_SSNP_TBIM.c(417): warning:  #550-D: variable "Chn_num" was set but never used
        u8t Chn_num;
..\USER\ucCos_App\uctsk_SSNP_TBIM.c(418): warning:  #177-D: variable "tdcn_sn" was declared but never referenced
        u8t tdcn_sn;
..\USER\ucCos_App\uctsk_SSNP_TBIM.c(419): warning:  #177-D: variable "f_table" was declared but never referenced
        func** f_table;
..\USER\ucCos_App\uctsk_SSNP_TBIM.c(421): warning:  #177-D: variable "func_table_row" was declared but never referenced
        u8t func_table_row;
..\USER\ucCos_App\uctsk_SSNP_TBIM.c(422): warning:  #177-D: variable "func_table_col" was declared but never referenced
        u8t func_table_col;
..\USER\ucCos_App\uctsk_SSNP_TBIM.c(423): warning:  #177-D: variable "factor" was declared but never referenced
        u8t factor;
..\USER\ucCos_App\uctsk_SSNP_TBIM.c(515): warning:  #223-D: function "sensor_manage" declared implicitly
                number=sensor_manage(tdcn_sequence);
..\USER\ucCos_App\uctsk_SSNP_TBIM.c(520): warning:  #940-D: missing return statement at end of non-void function "send_streaming_date_new"
  }
..\USER\ucCos_App\uctsk_SSNP_TBIM.c(543): warning:  #177-D: variable "i" was declared but never referenced
        u8 i = 0;
..\USER\ucCos_App\uctsk_SSNP_TBIM.c(544): warning:  #177-D: variable "doNothing" was declared but never referenced
        u8 doNothing = 1;
..\USER\ucCos_App\uctsk_SSNP_TBIM.c(546): warning:  #177-D: variable "p" was declared but never referenced
        tbimScheduleOp *p;
..\USER\ucCos_App\uctsk_SSNP_TBIM.c(684): warning:  #177-D: variable "i" was declared but never referenced
        u8 i = 0;
..\USER\ucCos_App\uctsk_SSNP_TBIM.c(685): warning:  #177-D: variable "doNothing" was declared but never referenced
        u8 doNothing = 1;
..\USER\ucCos_App\uctsk_SSNP_TBIM.c(687): warning:  #177-D: variable "p" was declared but never referenced
        tbimScheduleOp *p;
..\USER\ucCos_App\uctsk_SSNP_TBIM.c(794): warning:  #940-D: missing return statement at end of non-void function "send_sdp_data"
  }
..\USER\ucCos_App\uctsk_SSNP_TBIM.c(102): warning:  #177-D: function "TIM4_Init" was declared but never referenced
  static void TIM4_Init()
..\USER\ucCos_App\uctsk_SSNP_TBIM.c(129): warning:  #177-D: function "NVIC_Configuration_TIM4" was declared but never referenced
  static void NVIC_Configuration_TIM4(void)
..\USER\ucCos_App\uctsk_SSNP_TBIM.c(243): warning:  #177-D: function "App_SSNP_DP_TaskCreate" was declared but never referenced
  static void App_SSNP_DP_TaskCreate(u8t* alias)
..\USER\ucCos_App\uctsk_SSNP_TBIM.c(254): warning:  #177-D: function "App_SSNP_SDP_TaskCreate" was declared but never referenced
  static void App_SSNP_SDP_TaskCreate(u8t* alias)
..\USER\ucCos_App\uctsk_SSNP_TBIM.c(265): warning:  #177-D: function "App_SSNP_TP_TaskCreate" was declared but never referenced
  static void App_SSNP_TP_TaskCreate(u8t* alias)
..\USER\ucCos_App\uctsk_SSNP_TBIM.c(277): warning:  #177-D: function "uctsk_SSNP" was declared but never referenced
  static void uctsk_SSNP(void* pdata); 
..\USER\ucCos_App\uctsk_SSNP_TBIM.c(278): warning:  #177-D: function "uctsk_SSNP_TBIM" was declared but never referenced
  static void uctsk_SSNP_TBIM(void* pdata); 
..\USER\ucCos_App\uctsk_SSNP_TBIM.c(491): warning:  #177-D: function "uctsk_SSNP_TBIM_new_new" was declared but never referenced
  static void uctsk_SSNP_TBIM_new_new(void* pdata)
..\USER\ucCos_App\uctsk_SSNP_TBIM.c(309): warning:  #177-D: function "first_syn_delay" was declared but never referenced
  static void first_syn_delay(void)
..\USER\ucCos_App\uctsk_SSNP_TBIM.c(321): warning:  #177-D: function "syn_delay" was declared but never referenced
  static void syn_delay(void)
..\USER\ucCos_App\uctsk_SSNP_TBIM.c(328): warning:  #177-D: function "time_slot_delay" was declared but never referenced
  static void time_slot_delay(void)
..\USER\ucCos_App\uctsk_SSNP_TBIM.c(334): warning:  #177-D: function "wait_for_asyn" was declared but never referenced
  static void wait_for_asyn(void)
..\USER\ucCos_App\uctsk_SSNP_TBIM.c(345): warning:  #177-D: function "send_streaming_date" was declared but never referenced
  static void send_streaming_date(void)
..\USER\ucCos_App\uctsk_SSNP_TBIM.c(368): warning:  #177-D: function "recv_exe_cmd" was declared but never referenced
  static void recv_exe_cmd(void)
..\USER\ucCos_App\uctsk_SSNP_TBIM.c(785): warning:  #177-D: function "send_sdp_data" was declared but never referenced
  static err_t send_sdp_data(void)
..\USER\ucCos_App\uctsk_SSNP_TBIM.c: 39 warnings, 0 errors
linking...
Program Size: Code=28898 RO-data=746 RW-data=456 ZI-data=63440  
FromELF: creating hex file...
".\Obj\Project.axf" - 0 Error(s), 39 Warning(s).
</pre>
</body>
</html>
th .ANY selector matching os_core.o(.bss).
.\Obj\Project.axf: Error: L6406E: No space in execution regions with .ANY selector matching main.o(.bss).
.\Obj\Project.axf: Error: L6406E: No space in execution regions with .ANY selector matching os_core.o(.bss).
.\Obj\Project.axf: Error: L6406E: No space in execution regions with .ANY selector matching teds_table.o(.bss).
.\Obj\Project.axf: Error: L6406E: No space in execution regions with .ANY selector matching tbim.o(.data).
.\Obj\Project.axf: Error: L6406E: No space in execution regions with .ANY selector matching os_core.o(.bss).
.\Obj\Project.axf: Error: L6406E: No space in execution regions with .ANY selector matching os_core.o(.bss).
.\Obj\Project.axf: Error: L6406E: No space in execution regions with .ANY selector matching os_core.o(.bss).
.\Obj\Project.axf: Error: L6406E: No space in execution regions with .ANY selector matching ethbcp.o(.bss).
.\Obj\Project.axf: Error: L6406E: No space in execution regions with .ANY selector matching os_core.o(.bss).
.\Obj\Project.axf: Error: L6406E: No space in execution regions with .ANY selector matching os_core.o(.data).
.\Obj\Project.axf: Error: L6406E: No space in execution regions with .ANY selector matching uctsk_ssnp_tbim.o(.data).
.\Obj\Project.axf: Error: L6406E: No space in execution regions with .ANY selector matching ethbcp.o(.data).
.\Obj\Project.axf: Error: L6406E: No space in execution regions with .ANY selector matching teds.o(.data).
.\Obj\Project.axf: Error: L6406E: No space in execution regions with .ANY selector matching system_stm32f10x.o(.data).
.\Obj\Project.axf: Error: L6406E: No space in execution regions with .ANY selector matching stm32_eth.o(.data).
.\Obj\Project.axf: Error: L6406E: No space in execution regions with .ANY selector matching mem.o(.data).
.\Obj\Project.axf: Error: L6406E: No space in execution regions with .ANY selector matching netif.o(.data).
.\Obj\Project.axf: Error: L6406E: No space in execution regions with .ANY selector matching ssnp.o(.data).
.\Obj\Project.axf: Error: L6406E: No space in execution regions with .ANY selector matching ethernetif.o(.data).
.\Obj\Project.axf: Error: L6406E: No space in execution regions with .ANY selector matching os_core.o(.data).
.\Obj\Project.axf: Error: L6406E: No space in execution regions with .ANY selector matching os_core.o(.data).
.\Obj\Project.axf: Error: L6406E: No space in execution regions with .ANY selector matching os_core.o(.data).
.\Obj\Project.axf: Error: L6406E: No space in execution regions with .ANY selector matching os_core.o(.data).
.\Obj\Project.axf: Error: L6406E: No space in execution regions with .ANY selector matching os_core.o(.data).
.\Obj\Project.axf: Error: L6406E: No space in execution regions with .ANY selector matching os_core.o(.data).
.\Obj\Project.axf: Error: L6406E: No space in execution regions with .ANY selector matching os_core.o(.data).
.\Obj\Project.axf: Error: L6406E: No space in execution regions with .ANY selector matching dp.o(.data).
.\Obj\Project.axf: Error: L6406E: No space in execution regions with .ANY selector matching sys_arch.o(.data).
.\Obj\Project.axf: Error: L6406E: No space in execution regions with .ANY selector matching timer.o(.data).
.\Obj\Project.axf: Error: L6406E: No space in execution regions with .ANY selector matching tp.o(.data).
.\Obj\Project.axf: Error: L6406E: No space in execution regions with .ANY selector matching sdp.o(.data).
.\Obj\Project.axf: Error: L6406E: No space in execution regions with .ANY selector matching stdout.o(.data).
.\Obj\Project.axf: Error: L6406E: No space in execution regions with .ANY selector matching mvars.o(.data).
.\Obj\Project.axf: Error: L6406E: No space in execution regions with .ANY selector matching mvars.o(.data).
.\Obj\Project.axf: Error: L6406E: No space in execution regions with .ANY selector matching os_cpu_c.o(.data).
.\Obj\Project.axf: Error: L6406E: No space in execution regions with .ANY selector matching os_core.o(.data).
.\Obj\Project.axf: Error: L6406E: No space in execution regions with .ANY selector matching os_core.o(.data).
.\Obj\Project.axf: Error: L6406E: No space in execution regions with .ANY selector matching i2c_fram.o(.data).
.\Obj\Project.axf: Error: L6407E: Sections of aggregate size 0xb30 bytes could not fit into .ANY selector(s).
Not enough information to list image symbols.
Not enough information to list the image map.
Finished: 2 information, 0 warning and 41 error messages.
".\Obj\Project.axf" - 41 Error(s), 39 Warning(s).
Target not created
/  struct netbuf buf;
..\USER\ssnp\TBIM.c(762): warning:  #177-D: variable "i" was declared but never referenced
        u8t i;
..\USER\ssnp\TBIM.c(763): warning:  #177-D: variable "iset" was declared but never referenced
        u8t* iset;
..\USER\ssnp\TBIM.c(764): warning:  #550-D: variable "err" was set but never used
        err_t err;
..\USER\ssnp\TBIM.c(765): warning:  #177-D: variable "offset" was declared but never referenced
        u32t* offset;
..\USER\ssnp\TBIM.c(766): warning:  #177-D: variable "max_block_size" was declared but never referenced
        u16t* max_block_size;
..\USER\ssnp\TBIM.c(771): warning:  #177-D: variable "tdcnTEDS" was declared but never referenced
        struct tdcn_TEDS tdcnTEDS;
..\USER\ssnp\TBIM.c(773): warning:  #177-D: variable "arrayTsTeds" was declared but never referenced
        u8 arrayTsTeds[TS_TEDS_SIZE];
..\USER\ssnp\TBIM.c(776): warning:  #177-D: variable "meta_teds" was declared but never referenced
        u8t meta_teds[3+35];
..\USER\ssnp\TBIM.c(777): warning:  #177-D: variable "tdcn_teds" was declared but never referenced
        u8t tdcn_teds[3+118];
..\USER\ssnp\TBIM.c(942): warning:  #188-D: enumerated type mixed with another type
                op = *p;
..\USER\ssnp\TBIM.c(74): warning:  #177-D: function "insertChannel" was declared but never referenced
  static void insertChannel(u8t index,u8t addr,u8t nChnSn,struct TransducerChannel_TEDS* teds_buf)
..\USER\ssnp\TBIM.c(392): warning:  #177-D: function "send_cmd_reply" was declared but never referenced
  static void send_cmd_reply(void* data,void*argument)
..\USER\ssnp\TBIM.c(396): warning:  #177-D: function "sent_trigger_reply" was declared but never referenced
  static void sent_trigger_reply(void* argument)
..\USER\ssnp\TBIM.c: 21 warnings, 0 errors
compiling TEDS.c...
compiling timer.c...
compiling tp.c...
..\USER\ssnp\tp.c(11): warning:  #177-D: function "set_status_word_protocol_error" was declared but never referenced
  static void set_status_word_protocol_error()
..\USER\ssnp\tp.c: 1 warning, 0 errors
compiling ssnp_for_app.c...
compiling alias_map.c...
compiling alias_state.c...
compiling TBC.c...
..\USER\ssnp\TBC.c(495): warning:  #1-D: last line of file ends without a newline
  #endif
..\USER\ssnp\TBC.c: 1 warning, 0 errors
compiling TBIMDriver.c...
..\USER\ssnp\TBIMDriver.c(59): warning:  #223-D: function "rand" declared implicitly
                case 11:case 12:case 13:case 14:case 15:case 16:return rand()%10+1;
..\USER\ssnp\TBIMDriver.c(63): warning:  #1-D: last line of file ends without a newline
  }
..\USER\ssnp\TBIMDriver.c: 2 warnings, 0 errors
compiling sdp.c...
..\USER\ssnp\sdp.c(65): warning:  #177-D: variable "netif" was declared but never referenced
        struct netif* netif;
..\USER\ssnp\sdp.c(476): warning:  #69-D: integer conversion resulted in truncation
        protocol_id=PROTO_DGP;
..\USER\ssnp\sdp.c(542): warning:  #1-D: last line of file ends without a newline
  }
..\USER\ssnp\sdp.c(38): warning:  #177-D: function "checksum" was declared but never referenced
  static u16t checksum(void* dataptr,u16t len)
..\USER\ssnp\sdp.c(44): warning:  #177-D: function "dp_frag_output" was declared but never referenced
  static err_t dp_frag_output(struct pbuf* p,struct sdp_addr* src,struct sdp_addr* dst,struct netif* netif)
..\USER\ssnp\sdp.c: 5 warnings, 0 errors
compiling teds_table.c...
..\USER\ssnp\teds_table.c(44): warning:  #177-D: variable "k" was declared but never referenced
     u8 k = 0;
..\USER\ssnp\teds_table.c(274): warning:  #177-D: variable "meta" was declared but never referenced
          uMeta meta;
..\USER\ssnp\teds_table.c(276): warning:  #177-D: variable "ts" was declared but never referenced
          uTs ts[TEDS_TABLE_SIZE - 2];
..\USER\ssnp\teds_table.c(278): warning:  #177-D: variable "j" was declared but never referenced
          u8 j = 0;
..\USER\ssnp\teds_table.c(383): warning: C4017W: ts2 may be used before being set
                 u16 ts2;
..\USER\ssnp\teds_table.c(382): warning: C4017W: ts1 may be used before being set
                 u16 ts1;
..\USER\ssnp\teds_table.c(381): warning: C4017W: ts0 may be used before being set
                 u16 ts0;
..\USER\ssnp\teds_table.c: 7 warnings, 0 errors
compiling schedule_table.c...
..\USER\ssnp\schedule_table.c(108): warning:  #223-D: function "malloc" declared implicitly
                                 p = (tbimScheduleOp*) malloc(sizeof(tbimScheduleOp));
..\USER\ssnp\schedule_table.c(122): warning:  #223-D: function "free" declared implicitly
                 free(p);
..\USER\ssnp\schedule_table.c(134): warning:  #223-D: function "malloc" declared implicitly
        p = (tbimScheduleOp*) malloc(sizeof(tbimScheduleOp));
..\USER\ssnp\schedule_table.c(165): warning:  #223-D: function "free" declared implicitly
                free(r);
..\USER\ssnp\schedule_table.c: 4 warnings, 0 errors
linking...
.\Obj\Project.axf: Error: L6406E: No space in execution regions with .ANY selector matching os_core.o(.bss).
.\Obj\Project.axf: Error: L6406E: No space in execution regions with .ANY selector matching startup_stm32f10x_cl.o(HEAP).
.\Obj\Project.axf: Error: L6406E: No space in execution regions with .ANY selector matching tbim.o(.bss).
.\Obj\Project.axf: Error: L6406E: No space in execution regions with .ANY selector matching os_core.o(.bss).
.\Obj\Project.axf: Error: L6406E: No space in execution regions with .ANY selector matching schedule_table.o(.bss).
.\Obj\Project.axf: Error: L6406E: No space in execution regions with .ANY selector matching main.o(.bss).
.\Obj\Project.axf: Error: L6406E: No space in execution regions with .ANY selector matching os_core.o(.bss).
.\Obj\Project.axf: Error: L6406E: No space in execution regions with .ANY selector matching teds_table.o(.bss).
.\Obj\Project.axf: Error: L6406E: No space in execution regions with .ANY selector matching tbim.o(.data).
.\Obj\Project.axf: Error: L6406E: No space in execution regions with .ANY selector matching os_core.o(.bss).
.\Obj\Project.axf: Error: L6406E: No space in execution regions with .ANY selector matching os_core.o(.bss).
.\Obj\Project.axf: Error: L6406E: No space in execution regions with .ANY selector matching ethbcp.o(.bss).
.\Obj\Project.axf: Error: L6406E: No space in execution regions with .ANY selector matching os_core.o(.bss).
.\Obj\Project.axf: Error: L6406E: No space in execution regions with .ANY selector matching os_core.o(.data).
.\Obj\Project.axf: Error: L6406E: No space in execution regions with .ANY selector matching ssnp_for_app.o(.bss).
.\Obj\Project.axf: Error: L6406E: No space in execution regions with .ANY selector matching uctsk_ssnp_tbim.o(.data).
.\Obj\Project.axf: Error: L6406E: No space in execution regions with .ANY selector matching ethbcp.o(.data).
.\Obj\Project.axf: Error: L6406E: No space in execution regions with .ANY selector matching teds.o(.data).
.\Obj\Project.axf: Error: L6406E: No space in execution regions with .ANY selector matching stm32f10x_rcc.o(.data).
.\Obj\Project.axf: Error: L6406E: No space in execution regions with .ANY selector matching system_stm32f10x.o(.data).
.\Obj\Project.axf: Error: L6406E: No space in execution regions with .ANY selector matching stm32_eth.o(.data).
.\Obj\Project.axf: Error: L6406E: No space in execution regions with .ANY selector matching mem.o(.data).
.\Obj\Project.axf: Error: L6406E: No space in execution regions with .ANY selector matching netif.o(.data).
.\Obj\Project.axf: Error: L6406E: No space in execution regions with .ANY selector matching ssnp.o(.data).
.\Obj\Project.axf: Error: L6406E: No space in execution regions with .ANY selector matching ethernetif.o(.data).
.\Obj\Project.axf: Error: L6406E: No space in execution regions with .ANY selector matching os_core.o(.data).
.\Obj\Project.axf: Error: L6406E: No space in execution regions with .ANY selector matching os_core.o(.data).
.\Obj\Project.axf: Error: L6406E: No space in execution regions with .ANY selector matching os_core.o(.data).
.\Obj\Project.axf: Error: L6406E: No space in execution regions with .ANY selector matching os_core.o(.data).
.\Obj\Project.axf: Error: L6406E: No space in execution regions with .ANY selector matching os_core.o(.data).
.\Obj\Project.axf: Error: L6406E: No space in execution regions with .ANY selector matching os_core.o(.data).
.\Obj\Project.axf: Error: L6406E: No space in execution regions with .ANY selector matching dp.o(.data).
.\Obj\Project.axf: Error: L6406E: No space in execution regions with .ANY selector matching sys_arch.o(.data).
.\Obj\Project.axf: Error: L6406E: No space in execution regions with .ANY selector matching timer.o(.data).
.\Obj\Project.axf: Error: L6406E: No space in execution regions with .ANY selector matching tp.o(.data).
.\Obj\Project.axf: Error: L6406E: No space in execution regions with .ANY selector matching sdp.o(.data).
.\Obj\Project.axf: Error: L6406E: No space in execution regions with .ANY selector matching stdout.o(.data).
.\Obj\Project.axf: Error: L6406E: No space in execution regions with .ANY selector matching mvars.o(.data).
.\Obj\Project.axf: Error: L6406E: No space in execution regions with .ANY selector matching mvars.o(.data).
.\Obj\Project.axf: Error: L6406E: No space in execution regions with .ANY selector matching os_cpu_c.o(.data).
.\Obj\Project.axf: Error: L6406E: No space in execution regions with .ANY selector matching os_core.o(.data).
.\Obj\Project.axf: Error: L6406E: No space in execution regions with .ANY selector matching os_core.o(.data).
.\Obj\Project.axf: Error: L6406E: No space in execution regions with .ANY selector matching i2c_fram.o(.data).
.\Obj\Project.axf: Error: L6407E: Sections of aggregate size 0x1cc4 bytes could not fit into .ANY selector(s).
Not enough information to list image symbols.
Not enough information to list the image map.
Finished: 2 information, 0 warning and 44 error messages.
".\Obj\Project.axf" - 44 Error(s), 95 Warning(s).
Target not created
