<html>
<body>
<pre>
<h1>礦ision Build Log</h1>
<h2>Project:</h2>
E:\tianmn\新建文件夹 (3)\sync_sampling11\sync_sampling11\sync_sampling10ms\sync_sampling12_100us_samp\sync_sampling12ms\sync_sampling1000ms_sync\TBC\MDK-ARM\Project.uvproj
Project File Date:  05/13/2015

<h2>Output:</h2>
Build target 'ZFWL_V1.0'
linking...
Program Size: Code=31840 RO-data=860 RW-data=372 ZI-data=64780  
FromELF: creating hex file...
".\Obj\Project.axf" - 0 Error(s), 0 Warning(s).
Load "E:\\tianmn\\新建文件夹 (3)\\sync_sampling11\\sync_sampling11\\sync_sampling10ms\\sync_sampling12_100us_samp\\sync_sampling12ms\\sync_sampling1000ms_sync\\TBC\\MDK-ARM\\Obj\\Project.AXF" 
Set JLink Project File to "E:\tianmn\新建文件夹 (3)\sync_sampling11\sync_sampling11\sync_sampling10ms\sync_sampling12_100us_samp\sync_sampling12ms\sync_sampling1000ms_sync\TBC\MDK-ARM\JLinkSettings.ini"
 
JLink info:
------------
DLL: V4.20p, compiled Nov 19 2010 15:55:07
Firmware: J-Link ARM V8 compiled Jul 17 2014 12:31:18
Hardware: V8.00
S/N : 270676280 
Feature(s) : RDI,FlashDL,FlashBP,JFlash,GDBFULL 
 
* JLink Info: TotalIRLen = 9, IRPrint = 0x0011
* JLink Info: Found Cortex-M3 r1p1, Little endian.
* JLink Info: TPIU fitted.
* JLink Info: ETM fitted.
* JLink Info:   FPUnit: 6 code (BP) slots and 2 literal slots
ROMTableAddr = 0xE00FF003
 
Target info:
------------
Device: STM32F107VC
VTarget = 3.267V
State of Pins: 
TCK: 1, TDI: 0, TDO: 1, TMS: 0, TRES: 1, TRST: 1
Hardware-Breakpoints: 6
Software-Breakpoints: 2048
Watchpoints:          4
JTAG speed: 2000 kHz
 
Erase Done.
Programming Done.
Verify OK.
