<html>
<body>
<pre>
<h1>礦ision Build Log</h1>
<h2>Project:</h2>
E:\tianmn\新建文件夹 (3)\sync_sampling11\sync_sampling11\sync_sampling10ms\sync_sampling12_100us_samp\sync_sampling12ms\sync_sampling1000ms_sync\TBIM\TBIM\MDK-ARM\Project.uvproj
Project File Date:  05/14/2015

<h2>Output:</h2>
Build target 'ZFWL_V1.0'
compiling ethbcp.c...
..\USER\ssnp\TBIM.h(47): warning:  #1295-D: Deprecated declaration test_schedul_table - give arg types
..\USER\ssnp\ethbcp.c(614): warning:  #513-D: a value of type "unsigned int *" cannot be assigned to an entity of type "int *"
..\USER\ssnp\ethbcp.c(893): warning:  #223-D: function "tbim_send_reflect_reply_msg" declared implicitly
..\USER\ssnp\ethbcp.c(917): warning:  #513-D: a value of type "int *" cannot be assigned to an entity of type "unsigned int *"
..\USER\ssnp\ethbcp.c(931): warning:  #9-D: nested comment is not allowed
..\USER\ssnp\ethbcp.c(740): warning:  #177-D: variable "discry_rpl_msg" was declared but never referenced
..\USER\ssnp\ethbcp.c(742): warning:  #177-D: variable "alias" was declared but never referenced
..\USER\ssnp\ethbcp.c(743): warning:  #177-D: variable "assigned_alias" was declared but never referenced
..\USER\ssnp\ethbcp.c(747): warning:  #177-D: variable "pSlot" was declared but never referenced
..\USER\ssnp\ethbcp.c(748): warning:  #177-D: variable "pTest" was declared but never referenced
..\USER\ssnp\ethbcp.c(750): warning:  #177-D: variable "recvSlot" was declared but never referenced
..\USER\ssnp\ethbcp.c(751): warning:  #177-D: variable "recvCount" was declared but never referenced
..\USER\ssnp\ethbcp.c(752): warning:  #177-D: variable "addSlot" was declared but never referenced
..\USER\ssnp\ethbcp.c(753): warning:  #177-D: variable "newCount" was declared but never referenced
..\USER\ssnp\ethbcp.c(754): warning:  #177-D: variable "tempSum" was declared but never referenced
..\USER\ssnp\ethbcp.c(755): warning:  #177-D: variable "cha" was declared but never referenced
..\USER\ssnp\ethbcp.c(756): warning:  #177-D: variable "over" was declared but never referenced
..\USER\ssnp\ethbcp.c(757): warning:  #177-D: variable "timerCount" was declared but never referenced
linking...
Program Size: Code=30402 RO-data=746 RW-data=480 ZI-data=64440  
FromELF: creating hex file...
".\Obj\Project.axf" - 0 Error(s), 18 Warning(s).
Load "E:\\tianmn\\新建文件夹 (3)\\sync_sampling11\\sync_sampling11\\sync_sampling10ms\\sync_sampling12_100us_samp\\sync_sampling12ms\\sync_sampling1000ms_sync\\TBIM\\TBIM\\MDK-ARM\\Obj\\Project.AXF" 
Load "E:\\tianmn\\新建文件夹 (3)\\sync_sampling11\\sync_sampling11\\sync_sampling10ms\\sync_sampling12_100us_samp\\sync_sampling12ms\\sync_sampling1000ms_sync\\TBIM\\TBIM\\MDK-ARM\\Obj\\Project.AXF" 
Set JLink Project File to "E:\tianmn\新建文件夹 (3)\sync_sampling11\sync_sampling11\sync_sampling10ms\sync_sampling12_100us_samp\sync_sampling12ms\sync_sampling1000ms_sync\TBIM\TBIM\MDK-ARM\JLinkSettings.ini"
 
JLink info:
------------
DLL: V4.20p, compiled Nov 19 2010 15:55:07
Firmware: J-Link ARM V8 compiled Jul 17 2014 12:31:18
Hardware: V8.00
S/N : 270676280 
Feature(s) : RDI,FlashDL,FlashBP,JFlash,GDBFULL 
 
* JLink Info: TotalIRLen = 9, IRPrint = 0x0011
* JLink Info: Found Cortex-M3 r1p1, Little endian.
* JLink Info: TPIU fitted.
* JLink Info: ETM fitted.
* JLink Info:   FPUnit: 6 code (BP) slots and 2 literal slots
ROMTableAddr = 0xE00FF003
 
Target info:
------------
Device: STM32F107VC
VTarget = 3.500V
State of Pins: 
TCK: 1, TDI: 0, TDO: 1, TMS: 0, TRES: 1, TRST: 1
Hardware-Breakpoints: 6
Software-Breakpoints: 2048
Watchpoints:          4
JTAG speed: 2000 kHz
 
Erase Done.
Programming Done.
Verify OK.
Build target 'ZFWL_V1.0'
compiling TBIM.c...
..\USER\ssnp\TBIM.h(47): warning:  #1295-D: Deprecated declaration test_schedul_table - give arg types
..\USER\ssnp\TBIM.c(84): warning:  #177-D: variable "addr" was declared but never referenced
..\USER\ssnp\TBIM.c(85): warning:  #177-D: variable "nChnCnt" was declared but never referenced
..\USER\ssnp\TBIM.c(86): warning:  #177-D: variable "nChnSn" was declared but never referenced
..\USER\ssnp\TBIM.c(88): warning:  #177-D: variable "teds_buf" was declared but never referenced
..\USER\ssnp\TBIM.c(91): warning:  #177-D: variable "i" was declared but never referenced
..\USER\ssnp\TBIM.c(552): warning:  #550-D: variable "err" was set but never used
..\USER\ssnp\TBIM.c(649): warning:  #177-D: variable "buf" was declared but never referenced
..\USER\ssnp\TBIM.c(762): warning:  #177-D: variable "i" was declared but never referenced
..\USER\ssnp\TBIM.c(763): warning:  #177-D: variable "iset" was declared but never referenced
..\USER\ssnp\TBIM.c(764): warning:  #550-D: variable "err" was set but never used
..\USER\ssnp\TBIM.c(765): warning:  #177-D: variable "offset" was declared but never referenced
..\USER\ssnp\TBIM.c(766): warning:  #177-D: variable "max_block_size" was declared but never referenced
..\USER\ssnp\TBIM.c(771): warning:  #177-D: variable "tdcnTEDS" was declared but never referenced
..\USER\ssnp\TBIM.c(773): warning:  #177-D: variable "arrayTsTeds" was declared but never referenced
..\USER\ssnp\TBIM.c(776): warning:  #177-D: variable "meta_teds" was declared but never referenced
..\USER\ssnp\TBIM.c(777): warning:  #177-D: variable "tdcn_teds" was declared but never referenced
..\USER\ssnp\TBIM.c(942): warning:  #188-D: enumerated type mixed with another type
..\USER\ssnp\TBIM.c(74): warning:  #177-D: function "insertChannel" was declared but never referenced
..\USER\ssnp\TBIM.c(392): warning:  #177-D: function "send_cmd_reply" was declared but never referenced
..\USER\ssnp\TBIM.c(396): warning:  #177-D: function "sent_trigger_reply" was declared but never referenced
linking...
Program Size: Code=30402 RO-data=746 RW-data=480 ZI-data=64440  
FromELF: creating hex file...
".\Obj\Project.axf" - 0 Error(s), 21 Warning(s).
Load "E:\\tianmn\\新建文件夹 (3)\\sync_sampling11\\sync_sampling11\\sync_sampling10ms\\sync_sampling12_100us_samp\\sync_sampling12ms\\sync_sampling1000ms_sync\\TBIM\\TBIM\\MDK-ARM\\Obj\\Project.AXF" 
Set JLink Project File to "E:\tianmn\新建文件夹 (3)\sync_sampling11\sync_sampling11\sync_sampling10ms\sync_sampling12_100us_samp\sync_sampling12ms\sync_sampling1000ms_sync\TBIM\TBIM\MDK-ARM\JLinkSettings.ini"
 
JLink info:
------------
DLL: V4.20p, compiled Nov 19 2010 15:55:07
Firmware: J-Link ARM V8 compiled Jul 17 2014 12:31:18
Hardware: V8.00
S/N : 270676280 
Feature(s) : RDI,FlashDL,FlashBP,JFlash,GDBFULL 
 
* JLink Info: TotalIRLen = 9, IRPrint = 0x0011
* JLink Info: Found Cortex-M3 r1p1, Little endian.
* JLink Info: TPIU fitted.
* JLink Info: ETM fitted.
* JLink Info:   FPUnit: 6 code (BP) slots and 2 literal slots
ROMTableAddr = 0xE00FF003
 
Target info:
------------
Device: STM32F107VC
VTarget = 3.280V
State of Pins: 
TCK: 1, TDI: 0, TDO: 1, TMS: 0, TRES: 1, TRST: 1
Hardware-Breakpoints: 6
Software-Breakpoints: 2048
Watchpoints:          4
JTAG speed: 2000 kHz
 
Erase Done.
Programming Done.
Verify OK.
